Archive member included to satisfy reference by file (symbol)

c:/program files/microchip/xc32/v4.60/bin/bin/../../lib/gcc/pic32mx/8.3.1/../../../../pic32mx/lib/micromips\libpic32.a(default-on-reset.o)
                              C:\Users\AHMED~1.THA\AppData\Local\Temp\ccQFgFYs.o (_on_reset)
c:/program files/microchip/xc32/v4.60/bin/bin/../../lib/gcc/pic32mx/8.3.1/../../../../pic32mx/lib/micromips\libpic32.a(default-on-bootstrap.o)
                              C:\Users\AHMED~1.THA\AppData\Local\Temp\ccQFgFYs.o (_on_bootstrap)
c:/program files/microchip/xc32/v4.60/bin/bin/../../lib/gcc/pic32mx/8.3.1/../../../../pic32mx/lib/micromips\libpic32.a(default-nmi-handler.o)
                              C:\Users\AHMED~1.THA\AppData\Local\Temp\ccQFgFYs.o (_nmi_handler)
c:/program files/microchip/xc32/v4.60/bin/bin/../../lib/gcc/pic32mx/8.3.1/../../../../pic32mx/lib/micromips\libpic32.a(pic32_data_init_core.o)
                              C:\Users\AHMED~1.THA\AppData\Local\Temp\ccQFgFYs.o (__pic32_data_init)
c:/program files/microchip/xc32/v4.60/bin/bin/../../lib/gcc/pic32mx/8.3.1/../../../../pic32mx/lib/micromips\libpic32.a(general-exception.o)
                              C:\Users\AHMED~1.THA\AppData\Local\Temp\ccQFgFYs.o (_general_exception_context)
c:/program files/microchip/xc32/v4.60/bin/bin/../../lib/gcc/pic32mx/8.3.1/../../../../pic32mx/lib/micromips\libpic32.a(vector0.o)
                              C:\Users\AHMED~1.THA\AppData\Local\Temp\cc4PbQIZ.o (__vector_dispatch_0)
c:/program files/microchip/xc32/v4.60/bin/bin/../../lib/gcc/pic32mx/8.3.1/../../../../pic32mx/lib/micromips\libpic32.a(vector1.o)
                              C:\Users\AHMED~1.THA\AppData\Local\Temp\cc4PbQIZ.o (__vector_dispatch_1)
c:/program files/microchip/xc32/v4.60/bin/bin/../../lib/gcc/pic32mx/8.3.1/../../../../pic32mx/lib/micromips\libpic32.a(vector2.o)
                              C:\Users\AHMED~1.THA\AppData\Local\Temp\cc4PbQIZ.o (__vector_dispatch_2)
c:/program files/microchip/xc32/v4.60/bin/bin/../../lib/gcc/pic32mx/8.3.1/../../../../pic32mx/lib/micromips\libpic32.a(vector3.o)
                              C:\Users\AHMED~1.THA\AppData\Local\Temp\cc4PbQIZ.o (__vector_dispatch_3)
c:/program files/microchip/xc32/v4.60/bin/bin/../../lib/gcc/pic32mx/8.3.1/../../../../pic32mx/lib/micromips\libpic32.a(vector4.o)
                              C:\Users\AHMED~1.THA\AppData\Local\Temp\cc4PbQIZ.o (__vector_dispatch_4)
c:/program files/microchip/xc32/v4.60/bin/bin/../../lib/gcc/pic32mx/8.3.1/../../../../pic32mx/lib/micromips\libpic32.a(vector5.o)
                              C:\Users\AHMED~1.THA\AppData\Local\Temp\cc4PbQIZ.o (__vector_dispatch_5)
c:/program files/microchip/xc32/v4.60/bin/bin/../../lib/gcc/pic32mx/8.3.1/../../../../pic32mx/lib/micromips\libpic32.a(vector6.o)
                              C:\Users\AHMED~1.THA\AppData\Local\Temp\cc4PbQIZ.o (__vector_dispatch_6)
c:/program files/microchip/xc32/v4.60/bin/bin/../../lib/gcc/pic32mx/8.3.1/../../../../pic32mx/lib/micromips\libpic32.a(vector7.o)
                              C:\Users\AHMED~1.THA\AppData\Local\Temp\cc4PbQIZ.o (__vector_dispatch_7)
c:/program files/microchip/xc32/v4.60/bin/bin/../../lib/gcc/pic32mx/8.3.1/../../../../pic32mx/lib/micromips\libpic32.a(vector8.o)
                              C:\Users\AHMED~1.THA\AppData\Local\Temp\cc4PbQIZ.o (__vector_dispatch_8)
c:/program files/microchip/xc32/v4.60/bin/bin/../../lib/gcc/pic32mx/8.3.1/../../../../pic32mx/lib/micromips\libpic32.a(vector9.o)
                              C:\Users\AHMED~1.THA\AppData\Local\Temp\cc4PbQIZ.o (__vector_dispatch_9)
c:/program files/microchip/xc32/v4.60/bin/bin/../../lib/gcc/pic32mx/8.3.1/../../../../pic32mx/lib/micromips\libpic32.a(vector10.o)
                              C:\Users\AHMED~1.THA\AppData\Local\Temp\cc4PbQIZ.o (__vector_dispatch_10)
c:/program files/microchip/xc32/v4.60/bin/bin/../../lib/gcc/pic32mx/8.3.1/../../../../pic32mx/lib/micromips\libpic32.a(vector11.o)
                              C:\Users\AHMED~1.THA\AppData\Local\Temp\cc4PbQIZ.o (__vector_dispatch_11)
c:/program files/microchip/xc32/v4.60/bin/bin/../../lib/gcc/pic32mx/8.3.1/../../../../pic32mx/lib/micromips\libpic32.a(vector12.o)
                              C:\Users\AHMED~1.THA\AppData\Local\Temp\cc4PbQIZ.o (__vector_dispatch_12)
c:/program files/microchip/xc32/v4.60/bin/bin/../../lib/gcc/pic32mx/8.3.1/../../../../pic32mx/lib/micromips\libpic32.a(vector13.o)
                              C:\Users\AHMED~1.THA\AppData\Local\Temp\cc4PbQIZ.o (__vector_dispatch_13)
c:/program files/microchip/xc32/v4.60/bin/bin/../../lib/gcc/pic32mx/8.3.1/../../../../pic32mx/lib/micromips\libpic32.a(vector14.o)
                              C:\Users\AHMED~1.THA\AppData\Local\Temp\cc4PbQIZ.o (__vector_dispatch_14)
c:/program files/microchip/xc32/v4.60/bin/bin/../../lib/gcc/pic32mx/8.3.1/../../../../pic32mx/lib/micromips\libpic32.a(vector15.o)
[...]
Memory Configuration

Name             Origin             Length             Attributes
kseg0_data_mem   0x0000000080000000 0x0000000000008000 w !x
kseg1_data_mem   0x00000000a0000000 0x0000000000000200
kseg0_boot_mem   0x000000009fc00490 0x0000000000000000
kseg1_boot_mem   0x00000000bfc00000 0x0000000000000490
kseg0_program_mem 0x000000009d000000 0x0000000000040000 xr
debug_exec_mem   0x000000009fc00490 0x0000000000000760
config_BFC01744  0x00000000bfc01744 0x0000000000000004
config_BFC01748  0x00000000bfc01748 0x0000000000000004
config_BFC0174C  0x00000000bfc0174c 0x0000000000000004
config_BFC01750  0x00000000bfc01750 0x0000000000000004
config_BFC01754  0x00000000bfc01754 0x0000000000000004
config_BFC01758  0x00000000bfc01758 0x0000000000000004
config_BFC01760  0x00000000bfc01760 0x0000000000000004
config_BFC017C4  0x00000000bfc017c4 0x0000000000000004
config_BFC017C8  0x00000000bfc017c8 0x0000000000000004
config_BFC017CC  0x00000000bfc017cc 0x0000000000000004
config_BFC017D0  0x00000000bfc017d0 0x0000000000000004
config_BFC017D4  0x00000000bfc017d4 0x0000000000000004
config_BFC017D8  0x00000000bfc017d8 0x0000000000000004
config_BFC017E0  0x00000000bfc017e0 0x0000000000000004
sfrs             0x00000000bf800000 0x0000000000100000
configsfrs_BFC01740 0x00000000bfc01740 0x000000000000001c
configsfrs_BFC017C0 0x00000000bfc017c0 0x000000000000001c
exception_mem    0x000000009fc01000 0x0000000000001000
*default*        0x0000000000000000 0xffffffffffffffff

Linker script and memory map


reserve_data_0_kseg0
                0x0000000080000000      0x200
                0x0000000080000000        0x2 SHORT 0x0
                0x00000000000001fd                . = 0x1fd
 *fill*         0x0000000080000002      0x1fb 
                0x0000000080000200                . = ALIGN (0x4)
 *fill*         0x00000000800001fd        0x3 

reserve_data_0_kseg1
                0x00000000a0000000      0x200
                0x00000000a0000000        0x2 SHORT 0x0
                0x00000000000001fd                . = 0x1fd
 *fill*         0x00000000a0000002      0x1fb 
                0x00000000a0000200                . = ALIGN (0x4)
 *fill*         0x00000000a00001fd        0x3 

reserve_boot_0x1fc00490_kseg0
                0x000000009fc00490     0x1270
                0x000000009fc00490        0x2 SHORT 0x0
                0x0000000000000760                . = 0x760
 *fill*         0x000000009fc00492      0x75e 
                0x000000009fc00bf0                . = ALIGN (0x4)
                0x000000009fc00bf0        0x2 SHORT 0x0
                0x0000000000001270                . = 0x1270
 *fill*         0x000000009fc00bf2      0xb0e 
                0x000000009fc01700                . = ALIGN (0x4)

reserve_boot_0x1fc00490_kseg1
                0x00000000bfc00490     0x1270
                0x00000000bfc00490        0x2 SHORT 0x0
                0x0000000000000760                . = 0x760
 *fill*         0x00000000bfc00492      0x75e 
                0x00000000bfc00bf0                . = ALIGN (0x4)
                0x00000000bfc00bf0        0x2 SHORT 0x0
                0x0000000000001270                . = 0x1270
 *fill*         0x00000000bfc00bf2      0xb0e 
                0x00000000bfc01700                . = ALIGN (0x4)
LOAD c:/program files/microchip/xc32/v4.60/bin/bin/../../lib/gcc/pic32mx/8.3.1/../../../../pic32mx/lib/micromips\software-debug-break.o
LOAD build/default/debug/_ext/1360937237/layers_docments.o
LOAD build/default/debug/_ext/60165520/plib_clk.o
LOAD build/default/debug/_ext/1865200349/plib_evic.o
LOAD build/default/debug/_ext/1865254177/plib_gpio.o
LOAD build/default/debug/_ext/298189674/plib_spi1_master.o
LOAD build/default/debug/_ext/1865638794/plib_tmr1.o
LOAD build/default/debug/_ext/1865657120/plib_uart3.o
LOAD build/default/debug/_ext/1865657120/plib_uart1.o
LOAD build/default/debug/_ext/1865657120/plib_uart2.o
LOAD build/default/debug/_ext/163028504/xc32_monitor.o
LOAD build/default/debug/_ext/1171490990/initialization.o
LOAD build/default/debug/_ext/1171490990/interrupts.o
LOAD build/default/debug/_ext/1171490990/exceptions.o
LOAD build/default/debug/_ext/1360937237/telit.o
LOAD build/default/debug/_ext/1360937237/bsp.o
LOAD build/default/debug/_ext/1360937237/esp32.o
LOAD build/default/debug/_ext/1360937237/w5500if.o
LOAD build/default/debug/_ext/1360937237/main.o
LOAD build/default/debug/protothreads.o
LOAD build/default/debug/_ext/1360937237/esp32_comm.o
LOAD build/default/debug/_ext/1360937237/esp32_proto.o
                0x0000000000000001                __MPLAB_BUILD = 0x1
                0x0000000000000400                PROVIDE (_min_stack_size = 0x400)
                0x0000000000000001                PROVIDE (_vector_spacing = 0x1)
                0x000000009d000000                PROVIDE (_ebase_address = 0x9d000000)
                0x00000000bfc00000                _RESET_ADDR = 0xbfc00000
                0x00000000bfc00380                _BEV_EXCPT_ADDR = 0xbfc00380
                0x00000000bfc00480                _DBG_EXCPT_ADDR = 0xbfc00480
                0x000000009fc00490                _DBG_CODE_ADDR = 0x9fc00490
                0x0000000000000760                _DBG_CODE_SIZE = 0x760
                0x000000009d000000                _SIMPLE_TLB_REFILL_EXCPT_ADDR = (_ebase_address + 0x0)
                0x000000009d000180                _GEN_EXCPT_ADDR = (_ebase_address + 0x180)

.config_BFC01744
 *(.config_BFC01744)

.config_BFC01748
 *(.config_BFC01748)

.config_BFC0174C
 *(.config_BFC0174C)

.config_BFC01750
 *(.config_BFC01750)

.config_BFC01754
 *(.config_BFC01754)

.config_BFC01758
 *(.config_BFC01758)

.config_BFC01760
 *(.config_BFC01760)

.config_BFC017C4
 *(.config_BFC017C4)

.config_BFC017C8
 *(.config_BFC017C8)

.config_BFC017CC
 *(.config_BFC017CC)

.config_BFC017D0
 *(.config_BFC017D0)

.config_BFC017D4
 *(.config_BFC017D4)

.config_BFC017D8
 *(.config_BFC017D8)

.config_BFC017E0
 *(.config_BFC017E0)

.reset          0x00000000bfc00000      0x140
 *(.reset)
 .reset         0x00000000bfc00000        0x8 C:\Users\AHMED~1.THA\AppData\Local\Temp\ccQFgFYs.o
                0x00000000bfc00001                _reset
 *(.reset.startup)
 .reset.startup
                0x00000000bfc00008      0x138 C:\Users\AHMED~1.THA\AppData\Local\Temp\ccQFgFYs.o
                0x00000000bfc00009                _startup

.bev_excpt      0x00000000bfc00380        0xc
 *(.bev_handler)
 .bev_handler   0x00000000bfc00380        0xc C:\Users\AHMED~1.THA\AppData\Local\Temp\ccQFgFYs.o

.dbg_excpt      0x00000000bfc00480        0x0
                0x00000000bfc00480                . = (. + DEFINED (_DEBUGGER)?0x8:0x0)

.dbg_code       0x000000009fc00490        0x0
                0x000000009fc00490                . = (. + DEFINED (_DEBUGGER)?_DBG_CODE_SIZE:0x0)

.simple_tlb_refill_excpt
 *(.simple_tlb_refill_vector)

.app_excpt      0x000000009d000180        0xc
 *(.gen_handler)
 .gen_handler   0x000000009d000180        0xc C:\Users\AHMED~1.THA\AppData\Local\Temp\ccQFgFYs.o

.vector_0       0x000000009d000200        0x8
 *(.vector_0)
 .vector_0      0x000000009d000200        0x8 c:/program files/microchip/xc32/v4.60/bin/bin/../../lib/gcc/pic32mx/8.3.1/../../../../pic32mx/lib/micromips\libpic32.a(vector0.o)
                0x000000009d000201                __vector_dispatch_0
                0x0000000000000001                ASSERT (((_vector_spacing == 0x0) || (SIZEOF (.vector_0) <= (_vector_spacing << 0x3))), function at exception vector 0 too large)

.vector_1       0x000000009d000208        0x8
 *(.vector_1)
 .vector_1      0x000000009d000208        0x8 c:/program files/microchip/xc32/v4.60/bin/bin/../../lib/gcc/pic32mx/8.3.1/../../../../pic32mx/lib/micromips\libpic32.a(vector1.o)
                0x000000009d000209                __vector_dispatch_1
                0x0000000000000001                ASSERT (((_vector_spacing == 0x0) || (SIZEOF (.vector_1) <= (_vector_spacing << 0x3))), function at exception vector 1 too large)

.vector_2       0x000000009d000210        0x8
 *(.vector_2)
 .vector_2      0x000000009d000210        0x8 c:/program files/microchip/xc32/v4.60/bin/bin/../../lib/gcc/pic32mx/8.3.1/../../../../pic32mx/lib/micromips\libpic32.a(vector2.o)
                0x000000009d000211                __vector_dispatch_2
                0x0000000000000001                ASSERT (((_vector_spacing == 0x0) || (SIZEOF (.vector_2) <= (_vector_spacing << 0x3))), function at exception vector 2 too large)

.vector_3       0x000000009d000218        0x8
 *(.vector_3)
 .vector_3      0x000000009d000218        0x8 c:/program files/microchip/xc32/v4.60/bin/bin/../../lib/gcc/pic32mx/8.3.1/../../../../pic32mx/lib/micromips\libpic32.a(vector3.o)
                0x000000009d000219                __vector_dispatch_3
                0x0000000000000001                ASSERT (((_vector_spacing == 0x0) || (SIZEOF (.vector_3) <= (_vector_spacing << 0x3))), function at exception vector 3 too large)

.vector_4       0x000000009d000220        0x8
 *(.vector_4)
 .vector_4      0x000000009d000220        0x8 c:/program files/microchip/xc32/v4.60/bin/bin/../../lib/gcc/pic32mx/8.3.1/../../../../pic32mx/lib/micromips\libpic32.a(vector4.o)
                0x000000009d000221                __vector_dispatch_4
                0x0000000000000001                ASSERT (((_vector_spacing == 0x0) || (SIZEOF (.vector_4) <= (_vector_spacing << 0x3))), function at exception vector 4 too large)

.vector_5       0x000000009d000228        0x8
 *(.vector_5)
 .vector_5      0x000000009d000228        0x8 c:/program files/microchip/xc32/v4.60/bin/bin/../../lib/gcc/pic32mx/8.3.1/../../../../pic32mx/lib/micromips\libpic32.a(vector5.o)
                0x000000009d000229                __vector_dispatch_5
                0x0000000000000001                ASSERT (((_vector_spacing == 0x0) || (SIZEOF (.vector_5) <= (_vector_spacing << 0x3))), function at exception vector 5 too large)

.vector_6       0x000000009d000230        0x8
 *(.vector_6)
 .vector_6      0x000000009d000230        0x8 c:/program files/microchip/xc32/v4.60/bin/bin/../../lib/gcc/pic32mx/8.3.1/../../../../pic32mx/lib/micromips\libpic32.a(vector6.o)
                0x000000009d000231                __vector_dispatch_6
                0x0000000000000001                ASSERT (((_vector_spacing == 0x0) || (SIZEOF (.vector_6) <= (_vector_spacing << 0x3))), function at exception vector 6 too large)

.vector_7       0x000000009d000238        0x8
 *(.vector_7)
 .vector_7      0x000000009d000238        0x8 c:/program files/microchip/xc32/v4.60/bin/bin/../../lib/gcc/pic32mx/8.3.1/../../../../pic32mx/lib/micromips\libpic32.a(vector7.o)
                0x000000009d000239                __vector_dispatch_7
                0x0000000000000001                ASSERT (((_vector_spacing == 0x0) || (SIZEOF (.vector_7) <= (_vector_spacing << 0x3))), function at exception vector 7 too large)

.vector_8       0x000000009d000240        0x8
 *(.vector_8)
 .vector_8      0x000000009d000240        0x8 c:/program files/microchip/xc32/v4.60/bin/bin/../../lib/gcc/pic32mx/8.3.1/../../../../pic32mx/lib/micromips\libpic32.a(vector8.o)
                0x000000009d000241                __vector_dispatch_8
                0x0000000000000001                ASSERT (((_vector_spacing == 0x0) || (SIZEOF (.vector_8) <= (_vector_spacing << 0x3))), function at exception vector 8 too large)

.vector_9       0x000000009d000248        0x8
 *(.vector_9)
 .vector_9      0x000000009d000248        0x8 c:/program files/microchip/xc32/v4.60/bin/bin/../../lib/gcc/pic32mx/8.3.1/../../../../pic32mx/lib/micromips\libpic32.a(vector9.o)
                0x000000009d000249                __vector_dispatch_9
                0x0000000000000001                ASSERT (((_vector_spacing == 0x0) || (SIZEOF (.vector_9) <= (_vector_spacing << 0x3))), function at exception vector 9 too large)

.vector_10      0x000000009d000250        0x8
 *(.vector_10)
 .vector_10     0x000000009d000250        0x8 c:/program files/microchip/xc32/v4.60/bin/bin/../../lib/gcc/pic32mx/8.3.1/../../../../pic32mx/lib/micromips\libpic32.a(vector10.o)
                0x000000009d000251                __vector_dispatch_10
                0x0000000000000001                ASSERT (((_vector_spacing == 0x0) || (SIZEOF (.vector_10) <= (_vector_spacing << 0x3))), function at exception vector 10 too large)

.vector_11      0x000000009d000258        0x8
 *(.vector_11)
 .vector_11     0x000000009d000258        0x8 c:/program files/microchip/xc32/v4.60/bin/bin/../../lib/gcc/pic32mx/8.3.1/../../../../pic32mx/lib/micromips\libpic32.a(vector11.o)
                0x000000009d000259                __vector_dispatch_11
                0x0000000000000001                ASSERT (((_vector_spacing == 0x0) || (SIZEOF (.vector_11) <= (_vector_spacing << 0x3))), function at exception vector 11 too large)

.vector_12      0x000000009d000260        0x8
 *(.vector_12)
 .vector_12     0x000000009d000260        0x8 c:/program files/microchip/xc32/v4.60/bin/bin/../../lib/gcc/pic32mx/8.3.1/../../../../pic32mx/lib/micromips\libpic32.a(vector12.o)
                0x000000009d000261                __vector_dispatch_12
                0x0000000000000001                ASSERT (((_vector_spacing == 0x0) || (SIZEOF (.vector_12) <= (_vector_spacing << 0x3))), function at exception vector 12 too large)

.vector_13      0x000000009d000268        0x8
 *(.vector_13)
 .vector_13     0x000000009d000268        0x8 c:/program files/microchip/xc32/v4.60/bin/bin/../../lib/gcc/pic32mx/8.3.1/../../../../pic32mx/lib/micromips\libpic32.a(vector13.o)
                0x000000009d000269                __vector_dispatch_13
                0x0000000000000001                ASSERT (((_vector_spacing == 0x0) || (SIZEOF (.vector_13) <= (_vector_spacing << 0x3))), function at exception vector 13 too large)

.vector_14      0x000000009d000270        0x8
 *(.vector_14)
 .vector_14     0x000000009d000270        0x8 c:/program files/microchip/xc32/v4.60/bin/bin/../../lib/gcc/pic32mx/8.3.1/../../../../pic32mx/lib/micromips\libpic32.a(vector14.o)
                0x000000009d000271                __vector_dispatch_14
                0x0000000000000001                ASSERT (((_vector_spacing == 0x0) || (SIZEOF (.vector_14) <= (_vector_spacing << 0x3))), function at exception vector 14 too large)

.vector_15      0x000000009d000278        0x8
 *(.vector_15)
 .vector_15     0x000000009d000278        0x8 c:/program files/microchip/xc32/v4.60/bin/bin/../../lib/gcc/pic32mx/8.3.1/../../../../pic32mx/lib/micromips\libpic32.a(vector15.o)
                0x000000009d000279                __vector_dispatch_15
                0x0000000000000001                ASSERT (((_vector_spacing == 0x0) || (SIZEOF (.vector_15) <= (_vector_spacing << 0x3))), function at exception vector 15 too large)

.vector_16      0x000000009d000280        0x8
 *(.vector_16)
 .vector_16     0x000000009d000280        0x8 c:/program files/microchip/xc32/v4.60/bin/bin/../../lib/gcc/pic32mx/8.3.1/../../../../pic32mx/lib/micromips\libpic32.a(vector16.o)
                0x000000009d000281                __vector_dispatch_16
                0x0000000000000001                ASSERT (((_vector_spacing == 0x0) || (SIZEOF (.vector_16) <= (_vector_spacing << 0x3))), function at exception vector 16 too large)

.vector_17      0x000000009d000288        0x8
 *(.vector_17)
 .vector_17     0x000000009d000288        0x8 build/default/debug/_ext/1171490990/interrupts.o
                0x000000009d000289                __vector_dispatch_17
                0x0000000000000001                ASSERT (((_vector_spacing == 0x0) || (SIZEOF (.vector_17) <= (_vector_spacing << 0x3))), function at exception vector 17 too large)

.vector_18      0x000000009d000290        0x8
 *(.vector_18)
 .vector_18     0x000000009d000290        0x8 c:/program files/microchip/xc32/v4.60/bin/bin/../../lib/gcc/pic32mx/8.3.1/../../../../pic32mx/lib/micromips\libpic32.a(vector18.o)
                0x000000009d000291                __vector_dispatch_18
                0x0000000000000001                ASSERT (((_vector_spacing == 0x0) || (SIZEOF (.vector_18) <= (_vector_spacing << 0x3))), function at exception vector 18 too large)

.vector_19      0x000000009d000298        0x8
 *(.vector_19)
 .vector_19     0x000000009d000298        0x8 c:/program files/microchip/xc32/v4.60/bin/bin/../../lib/gcc/pic32mx/8.3.1/../../../../pic32mx/lib/micromips\libpic32.a(vector19.o)
                0x000000009d000299                __vector_dispatch_19
                0x0000000000000001                ASSERT (((_vector_spacing == 0x0) || (SIZEOF (.vector_19) <= (_vector_spacing << 0x3))), function at exception vector 19 too large)

.vector_20      0x000000009d0002a0        0x8
 *(.vector_20)
 .vector_20     0x000000009d0002a0        0x8 c:/program files/microchip/xc32/v4.60/bin/bin/../../lib/gcc/pic32mx/8.3.1/../../../../pic32mx/lib/micromips\libpic32.a(vector20.o)
                0x000000009d0002a1                __vector_dispatch_20
                0x0000000000000001                ASSERT (((_vector_spacing == 0x0) || (SIZEOF (.vector_20) <= (_vector_spacing << 0x3))), function at exception vector 20 too large)

.vector_21      0x000000009d0002a8        0x8
 *(.vector_21)
 .vector_21     0x000000009d0002a8        0x8 c:/program files/microchip/xc32/v4.60/bin/bin/../../lib/gcc/pic32mx/8.3.1/../../../../pic32mx/lib/micromips\libpic32.a(vector21.o)
                0x000000009d0002a9                __vector_dispatch_21
                0x0000000000000001                ASSERT (((_vector_spacing == 0x0) || (SIZEOF (.vector_21) <= (_vector_spacing << 0x3))), function at exception vector 21 too large)

.vector_22      0x000000009d0002b0        0x8
 *(.vector_22)
 .vector_22     0x000000009d0002b0        0x8 c:/program files/microchip/xc32/v4.60/bin/bin/../../lib/gcc/pic32mx/8.3.1/../../../../pic32mx/lib/micromips\libpic32.a(vector22.o)
                0x000000009d0002b1                __vector_dispatch_22
                0x0000000000000001                ASSERT (((_vector_spacing == 0x0) || (SIZEOF (.vector_22) <= (_vector_spacing << 0x3))), function at exception vector 22 too large)

.vector_23      0x000000009d0002b8        0x8
 *(.vector_23)
 .vector_23     0x000000009d0002b8        0x8 c:/program files/microchip/xc32/v4.60/bin/bin/../../lib/gcc/pic32mx/8.3.1/../../../../pic32mx/lib/micromips\libpic32.a(vector23.o)
                0x000000009d0002b9                __vector_dispatch_23
                0x0000000000000001                ASSERT (((_vector_spacing == 0x0) || (SIZEOF (.vector_23) <= (_vector_spacing << 0x3))), function at exception vector 23 too large)

.vector_24      0x000000009d0002c0        0x8
 *(.vector_24)
 .vector_24     0x000000009d0002c0        0x8 c:/program files/microchip/xc32/v4.60/bin/bin/../../lib/gcc/pic32mx/8.3.1/../../../../pic32mx/lib/micromips\libpic32.a(vector24.o)
                0x000000009d0002c1                __vector_dispatch_24
                0x0000000000000001                ASSERT (((_vector_spacing == 0x0) || (SIZEOF (.vector_24) <= (_vector_spacing << 0x3))), function at exception vector 24 too large)

.vector_25      0x000000009d0002c8        0x8
 *(.vector_25)
 .vector_25     0x000000009d0002c8        0x8 c:/program files/microchip/xc32/v4.60/bin/bin/../../lib/gcc/pic32mx/8.3.1/../../../../pic32mx/lib/micromips\libpic32.a(vector25.o)
                0x000000009d0002c9                __vector_dispatch_25
                0x0000000000000001                ASSERT (((_vector_spacing == 0x0) || (SIZEOF (.vector_25) <= (_vector_spacing << 0x3))), function at exception vector 25 too large)

.vector_26      0x000000009d0002d0        0x8
 *(.vector_26)
 .vector_26     0x000000009d0002d0        0x8 c:/program files/microchip/xc32/v4.60/bin/bin/../../lib/gcc/pic32mx/8.3.1/../../../../pic32mx/lib/micromips\libpic32.a(vector26.o)
                0x000000009d0002d1                __vector_dispatch_26
                0x0000000000000001                ASSERT (((_vector_spacing == 0x0) || (SIZEOF (.vector_26) <= (_vector_spacing << 0x3))), function at exception vector 26 too large)

.vector_27      0x000000009d0002d8        0x8
 *(.vector_27)
 .vector_27     0x000000009d0002d8        0x8 c:/program files/microchip/xc32/v4.60/bin/bin/../../lib/gcc/pic32mx/8.3.1/../../../../pic32mx/lib/micromips\libpic32.a(vector27.o)
                0x000000009d0002d9                __vector_dispatch_27
                0x0000000000000001                ASSERT (((_vector_spacing == 0x0) || (SIZEOF (.vector_27) <= (_vector_spacing << 0x3))), function at exception vector 27 too large)

.vector_28      0x000000009d0002e0        0x8
 *(.vector_28)
 .vector_28     0x000000009d0002e0        0x8 c:/program files/microchip/xc32/v4.60/bin/bin/../../lib/gcc/pic32mx/8.3.1/../../../../pic32mx/lib/micromips\libpic32.a(vector28.o)
                0x000000009d0002e1                __vector_dispatch_28
                0x0000000000000001                ASSERT (((_vector_spacing == 0x0) || (SIZEOF (.vector_28) <= (_vector_spacing << 0x3))), function at exception vector 28 too large)

.vector_29      0x000000009d0002e8        0x8
 *(.vector_29)
 .vector_29     0x000000009d0002e8        0x8 c:/program files/microchip/xc32/v4.60/bin/bin/../../lib/gcc/pic32mx/8.3.1/../../../../pic32mx/lib/micromips\libpic32.a(vector29.o)
                0x000000009d0002e9                __vector_dispatch_29
                0x0000000000000001                ASSERT (((_vector_spacing == 0x0) || (SIZEOF (.vector_29) <= (_vector_spacing << 0x3))), function at exception vector 29 too large)

.vector_30      0x000000009d0002f0        0x8
 *(.vector_30)
 .vector_30     0x000000009d0002f0        0x8 c:/program files/microchip/xc32/v4.60/bin/bin/../../lib/gcc/pic32mx/8.3.1/../../../../pic32mx/lib/micromips\libpic32.a(vector30.o)
                0x000000009d0002f1                __vector_dispatch_30
                0x0000000000000001                ASSERT (((_vector_spacing == 0x0) || (SIZEOF (.vector_30) <= (_vector_spacing << 0x3))), function at exception vector 30 too large)

.vector_31      0x000000009d0002f8        0x8
 *(.vector_31)
 .vector_31     0x000000009d0002f8        0x8 c:/program files/microchip/xc32/v4.60/bin/bin/../../lib/gcc/pic32mx/8.3.1/../../../../pic32mx/lib/micromips\libpic32.a(vector31.o)
                0x000000009d0002f9                __vector_dispatch_31
                0x0000000000000001                ASSERT (((_vector_spacing == 0x0) || (SIZEOF (.vector_31) <= (_vector_spacing << 0x3))), function at exception vector 31 too large)

.vector_32      0x000000009d000300        0x8
 *(.vector_32)
 .vector_32     0x000000009d000300        0x8 c:/program files/microchip/xc32/v4.60/bin/bin/../../lib/gcc/pic32mx/8.3.1/../../../../pic32mx/lib/micromips\libpic32.a(vector32.o)
                0x000000009d000301                __vector_dispatch_32
                0x0000000000000001                ASSERT (((_vector_spacing == 0x0) || (SIZEOF (.vector_32) <= (_vector_spacing << 0x3))), function at exception vector 32 too large)

.vector_33      0x000000009d000308        0x8
 *(.vector_33)
 .vector_33     0x000000009d000308        0x8 c:/program files/microchip/xc32/v4.60/bin/bin/../../lib/gcc/pic32mx/8.3.1/../../../../pic32mx/lib/micromips\libpic32.a(vector33.o)
                0x000000009d000309                __vector_dispatch_33
                0x0000000000000001                ASSERT (((_vector_spacing == 0x0) || (SIZEOF (.vector_33) <= (_vector_spacing << 0x3))), function at exception vector 33 too large)

.vector_34      0x000000009d000310        0x8
 *(.vector_34)
 .vector_34     0x000000009d000310        0x8 c:/program files/microchip/xc32/v4.60/bin/bin/../../lib/gcc/pic32mx/8.3.1/../../../../pic32mx/lib/micromips\libpic32.a(vector34.o)
                0x000000009d000311                __vector_dispatch_34
                0x0000000000000001                ASSERT (((_vector_spacing == 0x0) || (SIZEOF (.vector_34) <= (_vector_spacing << 0x3))), function at exception vector 34 too large)

.vector_35      0x000000009d000318        0x8
 *(.vector_35)
 .vector_35     0x000000009d000318        0x8 c:/program files/microchip/xc32/v4.60/bin/bin/../../lib/gcc/pic32mx/8.3.1/../../../../pic32mx/lib/micromips\libpic32.a(vector35.o)
                0x000000009d000319                __vector_dispatch_35
                0x0000000000000001                ASSERT (((_vector_spacing == 0x0) || (SIZEOF (.vector_35) <= (_vector_spacing << 0x3))), function at exception vector 35 too large)

.vector_36      0x000000009d000320        0x8
 *(.vector_36)
 .vector_36     0x000000009d000320        0x8 c:/program files/microchip/xc32/v4.60/bin/bin/../../lib/gcc/pic32mx/8.3.1/../../../../pic32mx/lib/micromips\libpic32.a(vector36.o)
                0x000000009d000321                __vector_dispatch_36
                0x0000000000000001                ASSERT (((_vector_spacing == 0x0) || (SIZEOF (.vector_36) <= (_vector_spacing << 0x3))), function at exception vector 36 too large)

.vector_37      0x000000009d000328        0x8
 *(.vector_37)
 .vector_37     0x000000009d000328        0x8 c:/program files/microchip/xc32/v4.60/bin/bin/../../lib/gcc/pic32mx/8.3.1/../../../../pic32mx/lib/micromips\libpic32.a(vector37.o)
                0x000000009d000329                __vector_dispatch_37
                0x0000000000000001                ASSERT (((_vector_spacing == 0x0) || (SIZEOF (.vector_37) <= (_vector_spacing << 0x3))), function at exception vector 37 too large)

.vector_38      0x000000009d000330        0x8
 *(.vector_38)
 .vector_38     0x000000009d000330        0x8 c:/program files/microchip/xc32/v4.60/bin/bin/../../lib/gcc/pic32mx/8.3.1/../../../../pic32mx/lib/micromips\libpic32.a(vector38.o)
                0x000000009d000331                __vector_dispatch_38
                0x0000000000000001                ASSERT (((_vector_spacing == 0x0) || (SIZEOF (.vector_38) <= (_vector_spacing << 0x3))), function at exception vector 38 too large)

.vector_39      0x000000009d000338        0x8
 *(.vector_39)
 .vector_39     0x000000009d000338        0x8 c:/program files/microchip/xc32/v4.60/bin/bin/../../lib/gcc/pic32mx/8.3.1/../../../../pic32mx/lib/micromips\libpic32.a(vector39.o)
                0x000000009d000339                __vector_dispatch_39
                0x0000000000000001                ASSERT (((_vector_spacing == 0x0) || (SIZEOF (.vector_39) <= (_vector_spacing << 0x3))), function at exception vector 39 too large)

.vector_40      0x000000009d000340        0x8
 *(.vector_40)
 .vector_40     0x000000009d000340        0x8 c:/program files/microchip/xc32/v4.60/bin/bin/../../lib/gcc/pic32mx/8.3.1/../../../../pic32mx/lib/micromips\libpic32.a(vector40.o)
                0x000000009d000341                __vector_dispatch_40
                0x0000000000000001                ASSERT (((_vector_spacing == 0x0) || (SIZEOF (.vector_40) <= (_vector_spacing << 0x3))), function at exception vector 40 too large)

.vector_41      0x000000009d000348        0x8
 *(.vector_41)
 .vector_41     0x000000009d000348        0x8 c:/program files/microchip/xc32/v4.60/bin/bin/../../lib/gcc/pic32mx/8.3.1/../../../../pic32mx/lib/micromips\libpic32.a(vector41.o)
                0x000000009d000349                __vector_dispatch_41
                0x0000000000000001                ASSERT (((_vector_spacing == 0x0) || (SIZEOF (.vector_41) <= (_vector_spacing << 0x3))), function at exception vector 41 too large)

.vector_42      0x000000009d000350        0x8
 *(.vector_42)
 .vector_42     0x000000009d000350        0x8 build/default/debug/_ext/1171490990/interrupts.o
                0x000000009d000351                __vector_dispatch_42
                0x0000000000000001                ASSERT (((_vector_spacing == 0x0) || (SIZEOF (.vector_42) <= (_vector_spacing << 0x3))), function at exception vector 42 too large)

.vector_43      0x000000009d000358        0x8
 *(.vector_43)
 .vector_43     0x000000009d000358        0x8 build/default/debug/_ext/1171490990/interrupts.o
                0x000000009d000359                __vector_dispatch_43
                0x0000000000000001                ASSERT (((_vector_spacing == 0x0) || (SIZEOF (.vector_43) <= (_vector_spacing << 0x3))), function at exception vector 43 too large)

.vector_44      0x000000009d000360        0x8
 *(.vector_44)
 .vector_44     0x000000009d000360        0x8 c:/program files/microchip/xc32/v4.60/bin/bin/../../lib/gcc/pic32mx/8.3.1/../../../../pic32mx/lib/micromips\libpic32.a(vector44.o)
                0x000000009d000361                __vector_dispatch_44
                0x0000000000000001                ASSERT (((_vector_spacing == 0x0) || (SIZEOF (.vector_44) <= (_vector_spacing << 0x3))), function at exception vector 44 too large)

.vector_45      0x000000009d000368        0x8
 *(.vector_45)
 .vector_45     0x000000009d000368        0x8 c:/program files/microchip/xc32/v4.60/bin/bin/../../lib/gcc/pic32mx/8.3.1/../../../../pic32mx/lib/micromips\libpic32.a(vector45.o)
                0x000000009d000369                __vector_dispatch_45
                0x0000000000000001                ASSERT (((_vector_spacing == 0x0) || (SIZEOF (.vector_45) <= (_vector_spacing << 0x3))), function at exception vector 45 too large)

.vector_46      0x000000009d000370        0x8
 *(.vector_46)
 .vector_46     0x000000009d000370        0x8 c:/program files/microchip/xc32/v4.60/bin/bin/../../lib/gcc/pic32mx/8.3.1/../../../../pic32mx/lib/micromips\libpic32.a(vector46.o)
                0x000000009d000371                __vector_dispatch_46
                0x0000000000000001                ASSERT (((_vector_spacing == 0x0) || (SIZEOF (.vector_46) <= (_vector_spacing << 0x3))), function at exception vector 46 too large)

.vector_47      0x000000009d000378        0x8
 *(.vector_47)
 .vector_47     0x000000009d000378        0x8 c:/program files/microchip/xc32/v4.60/bin/bin/../../lib/gcc/pic32mx/8.3.1/../../../../pic32mx/lib/micromips\libpic32.a(vector47.o)
                0x000000009d000379                __vector_dispatch_47
                0x0000000000000001                ASSERT (((_vector_spacing == 0x0) || (SIZEOF (.vector_47) <= (_vector_spacing << 0x3))), function at exception vector 47 too large)

.vector_48      0x000000009d000380        0x8
 *(.vector_48)
 .vector_48     0x000000009d000380        0x8 c:/program files/microchip/xc32/v4.60/bin/bin/../../lib/gcc/pic32mx/8.3.1/../../../../pic32mx/lib/micromips\libpic32.a(vector48.o)
                0x000000009d000381                __vector_dispatch_48
                0x0000000000000001                ASSERT (((_vector_spacing == 0x0) || (SIZEOF (.vector_48) <= (_vector_spacing << 0x3))), function at exception vector 48 too large)

.vector_49      0x000000009d000388        0x8
 *(.vector_49)
 .vector_49     0x000000009d000388        0x8 c:/program files/microchip/xc32/v4.60/bin/bin/../../lib/gcc/pic32mx/8.3.1/../../../../pic32mx/lib/micromips\libpic32.a(vector49.o)
                0x000000009d000389                __vector_dispatch_49
                0x0000000000000001                ASSERT (((_vector_spacing == 0x0) || (SIZEOF (.vector_49) <= (_vector_spacing << 0x3))), function at exception vector 49 too large)

.vector_50      0x000000009d000390        0x8
 *(.vector_50)
 .vector_50     0x000000009d000390        0x8 c:/program files/microchip/xc32/v4.60/bin/bin/../../lib/gcc/pic32mx/8.3.1/../../../../pic32mx/lib/micromips\libpic32.a(vector50.o)
                0x000000009d000391                __vector_dispatch_50
                0x0000000000000001                ASSERT (((_vector_spacing == 0x0) || (SIZEOF (.vector_50) <= (_vector_spacing << 0x3))), function at exception vector 50 too large)

.vector_51      0x000000009d000398        0x8
 *(.vector_51)
 .vector_51     0x000000009d000398        0x8 c:/program files/microchip/xc32/v4.60/bin/bin/../../lib/gcc/pic32mx/8.3.1/../../../../pic32mx/lib/micromips\libpic32.a(vector51.o)
                0x000000009d000399                __vector_dispatch_51
                0x0000000000000001                ASSERT (((_vector_spacing == 0x0) || (SIZEOF (.vector_51) <= (_vector_spacing << 0x3))), function at exception vector 51 too large)

.vector_52      0x000000009d0003a0        0x8
 *(.vector_52)
 .vector_52     0x000000009d0003a0        0x8 c:/program files/microchip/xc32/v4.60/bin/bin/../../lib/gcc/pic32mx/8.3.1/../../../../pic32mx/lib/micromips\libpic32.a(vector52.o)
                0x000000009d0003a1                __vector_dispatch_52
                0x0000000000000001                ASSERT (((_vector_spacing == 0x0) || (SIZEOF (.vector_52) <= (_vector_spacing << 0x3))), function at exception vector 52 too large)

.vector_53      0x000000009d0003a8        0x8
 *(.vector_53)
 .vector_53     0x000000009d0003a8        0x8 build/default/debug/_ext/1171490990/interrupts.o
                0x000000009d0003a9                __vector_dispatch_53
                0x0000000000000001                ASSERT (((_vector_spacing == 0x0) || (SIZEOF (.vector_53) <= (_vector_spacing << 0x3))), function at exception vector 53 too large)

.vector_54      0x000000009d0003b0        0x8
 *(.vector_54)
 .vector_54     0x000000009d0003b0        0x8 build/default/debug/_ext/1171490990/interrupts.o
                0x000000009d0003b1                __vector_dispatch_54
                0x0000000000000001                ASSERT (((_vector_spacing == 0x0) || (SIZEOF (.vector_54) <= (_vector_spacing << 0x3))), function at exception vector 54 too large)

.vector_55      0x000000009d0003b8        0x8
 *(.vector_55)
 .vector_55     0x000000009d0003b8        0x8 build/default/debug/_ext/1171490990/interrupts.o
                0x000000009d0003b9                __vector_dispatch_55
                0x0000000000000001                ASSERT (((_vector_spacing == 0x0) || (SIZEOF (.vector_55) <= (_vector_spacing << 0x3))), function at exception vector 55 too large)

.vector_56      0x000000009d0003c0        0x8
 *(.vector_56)
 .vector_56     0x000000009d0003c0        0x8 build/default/debug/_ext/1171490990/interrupts.o
                0x000000009d0003c1                __vector_dispatch_56
                0x0000000000000001                ASSERT (((_vector_spacing == 0x0) || (SIZEOF (.vector_56) <= (_vector_spacing << 0x3))), function at exception vector 56 too large)

.vector_57      0x000000009d0003c8        0x8
 *(.vector_57)
 .vector_57     0x000000009d0003c8        0x8 build/default/debug/_ext/1171490990/interrupts.o
                0x000000009d0003c9                __vector_dispatch_57
                0x0000000000000001                ASSERT (((_vector_spacing == 0x0) || (SIZEOF (.vector_57) <= (_vector_spacing << 0x3))), function at exception vector 57 too large)

.vector_58      0x000000009d0003d0        0x8
 *(.vector_58)
 .vector_58     0x000000009d0003d0        0x8 build/default/debug/_ext/1171490990/interrupts.o
                0x000000009d0003d1                __vector_dispatch_58
                0x0000000000000001                ASSERT (((_vector_spacing == 0x0) || (SIZEOF (.vector_58) <= (_vector_spacing << 0x3))), function at exception vector 58 too large)

.vector_59      0x000000009d0003d8        0x8
 *(.vector_59)
 .vector_59     0x000000009d0003d8        0x8 build/default/debug/_ext/1171490990/interrupts.o
                0x000000009d0003d9                __vector_dispatch_59
                0x0000000000000001                ASSERT (((_vector_spacing == 0x0) || (SIZEOF (.vector_59) <= (_vector_spacing << 0x3))), function at exception vector 59 too large)

.vector_60      0x000000009d0003e0        0x8
 *(.vector_60)
 .vector_60     0x000000009d0003e0        0x8 build/default/debug/_ext/1171490990/interrupts.o
                0x000000009d0003e1                __vector_dispatch_60
                0x0000000000000001                ASSERT (((_vector_spacing == 0x0) || (SIZEOF (.vector_60) <= (_vector_spacing << 0x3))), function at exception vector 60 too large)

.vector_61      0x000000009d0003e8        0x8
 *(.vector_61)
 .vector_61     0x000000009d0003e8        0x8 build/default/debug/_ext/1171490990/interrupts.o
                0x000000009d0003e9                __vector_dispatch_61
                0x0000000000000001                ASSERT (((_vector_spacing == 0x0) || (SIZEOF (.vector_61) <= (_vector_spacing << 0x3))), function at exception vector 61 too large)

.vector_62      0x000000009d0003f0        0x8
 *(.vector_62)
 .vector_62     0x000000009d0003f0        0x8 c:/program files/microchip/xc32/v4.60/bin/bin/../../lib/gcc/pic32mx/8.3.1/../../../../pic32mx/lib/micromips\libpic32.a(vector62.o)
                0x000000009d0003f1                __vector_dispatch_62
                0x0000000000000001                ASSERT (((_vector_spacing == 0x0) || (SIZEOF (.vector_62) <= (_vector_spacing << 0x3))), function at exception vector 62 too large)

.vector_63      0x000000009d0003f8        0x8
 *(.vector_63)
 .vector_63     0x000000009d0003f8        0x8 c:/program files/microchip/xc32/v4.60/bin/bin/../../lib/gcc/pic32mx/8.3.1/../../../../pic32mx/lib/micromips\libpic32.a(vector63.o)
                0x000000009d0003f9                __vector_dispatch_63
                0x0000000000000001                ASSERT (((_vector_spacing == 0x0) || (SIZEOF (.vector_63) <= (_vector_spacing << 0x3))), function at exception vector 63 too large)

.vector_64      0x000000009d000400        0x8
 *(.vector_64)
 .vector_64     0x000000009d000400        0x8 c:/program files/microchip/xc32/v4.60/bin/bin/../../lib/gcc/pic32mx/8.3.1/../../../../pic32mx/lib/micromips\libpic32.a(vector64.o)
                0x000000009d000401                __vector_dispatch_64
                0x0000000000000001                ASSERT (((_vector_spacing == 0x0) || (SIZEOF (.vector_64) <= (_vector_spacing << 0x3))), function at exception vector 64 too large)

.vector_65      0x000000009d000408        0x8
 *(.vector_65)
 .vector_65     0x000000009d000408        0x8 c:/program files/microchip/xc32/v4.60/bin/bin/../../lib/gcc/pic32mx/8.3.1/../../../../pic32mx/lib/micromips\libpic32.a(vector65.o)
                0x000000009d000409                __vector_dispatch_65
                0x0000000000000001                ASSERT (((_vector_spacing == 0x0) || (SIZEOF (.vector_65) <= (_vector_spacing << 0x3))), function at exception vector 65 too large)

.vector_66      0x000000009d000410        0x8
 *(.vector_66)
 .vector_66     0x000000009d000410        0x8 c:/program files/microchip/xc32/v4.60/bin/bin/../../lib/gcc/pic32mx/8.3.1/../../../../pic32mx/lib/micromips\libpic32.a(vector66.o)
                0x000000009d000411                __vector_dispatch_66
                0x0000000000000001                ASSERT (((_vector_spacing == 0x0) || (SIZEOF (.vector_66) <= (_vector_spacing << 0x3))), function at exception vector 66 too large)

.vector_67      0x000000009d000418        0x8
 *(.vector_67)
 .vector_67     0x000000009d000418        0x8 c:/program files/microchip/xc32/v4.60/bin/bin/../../lib/gcc/pic32mx/8.3.1/../../../../pic32mx/lib/micromips\libpic32.a(vector67.o)
                0x000000009d000419                __vector_dispatch_67
                0x0000000000000001                ASSERT (((_vector_spacing == 0x0) || (SIZEOF (.vector_67) <= (_vector_spacing << 0x3))), function at exception vector 67 too large)

.vector_68      0x000000009d000420        0x8
 *(.vector_68)
 .vector_68     0x000000009d000420        0x8 c:/program files/microchip/xc32/v4.60/bin/bin/../../lib/gcc/pic32mx/8.3.1/../../../../pic32mx/lib/micromips\libpic32.a(vector68.o)
                0x000000009d000421                __vector_dispatch_68
                0x0000000000000001                ASSERT (((_vector_spacing == 0x0) || (SIZEOF (.vector_68) <= (_vector_spacing << 0x3))), function at exception vector 68 too large)

.vector_69      0x000000009d000428        0x8
 *(.vector_69)
 .vector_69     0x000000009d000428        0x8 c:/program files/microchip/xc32/v4.60/bin/bin/../../lib/gcc/pic32mx/8.3.1/../../../../pic32mx/lib/micromips\libpic32.a(vector69.o)
                0x000000009d000429                __vector_dispatch_69
                0x0000000000000001                ASSERT (((_vector_spacing == 0x0) || (SIZEOF (.vector_69) <= (_vector_spacing << 0x3))), function at exception vector 69 too large)

.vector_70      0x000000009d000430        0x8
 *(.vector_70)
 .vector_70     0x000000009d000430        0x8 c:/program files/microchip/xc32/v4.60/bin/bin/../../lib/gcc/pic32mx/8.3.1/../../../../pic32mx/lib/micromips\libpic32.a(vector70.o)
                0x000000009d000431                __vector_dispatch_70
                0x0000000000000001                ASSERT (((_vector_spacing == 0x0) || (SIZEOF (.vector_70) <= (_vector_spacing << 0x3))), function at exception vector 70 too large)

.vector_71      0x000000009d000438        0x8
 *(.vector_71)
 .vector_71     0x000000009d000438        0x8 c:/program files/microchip/xc32/v4.60/bin/bin/../../lib/gcc/pic32mx/8.3.1/../../../../pic32mx/lib/micromips\libpic32.a(vector71.o)
                0x000000009d000439                __vector_dispatch_71
                0x0000000000000001                ASSERT (((_vector_spacing == 0x0) || (SIZEOF (.vector_71) <= (_vector_spacing << 0x3))), function at exception vector 71 too large)

.vector_72      0x000000009d000440        0x8
 *(.vector_72)
 .vector_72     0x000000009d000440        0x8 c:/program files/microchip/xc32/v4.60/bin/bin/../../lib/gcc/pic32mx/8.3.1/../../../../pic32mx/lib/micromips\libpic32.a(vector72.o)
                0x000000009d000441                __vector_dispatch_72
                0x0000000000000001                ASSERT (((_vector_spacing == 0x0) || (SIZEOF (.vector_72) <= (_vector_spacing << 0x3))), function at exception vector 72 too large)

.vector_73      0x000000009d000448        0x8
 *(.vector_73)
 .vector_73     0x000000009d000448        0x8 c:/program files/microchip/xc32/v4.60/bin/bin/../../lib/gcc/pic32mx/8.3.1/../../../../pic32mx/lib/micromips\libpic32.a(vector73.o)
                0x000000009d000449                __vector_dispatch_73
                0x0000000000000001                ASSERT (((_vector_spacing == 0x0) || (SIZEOF (.vector_73) <= (_vector_spacing << 0x3))), function at exception vector 73 too large)

.vector_74      0x000000009d000450        0x8
 *(.vector_74)
 .vector_74     0x000000009d000450        0x8 c:/program files/microchip/xc32/v4.60/bin/bin/../../lib/gcc/pic32mx/8.3.1/../../../../pic32mx/lib/micromips\libpic32.a(vector74.o)
                0x000000009d000451                __vector_dispatch_74
                0x0000000000000001                ASSERT (((_vector_spacing == 0x0) || (SIZEOF (.vector_74) <= (_vector_spacing << 0x3))), function at exception vector 74 too large)

.vector_75      0x000000009d000458        0x8
 *(.vector_75)
 .vector_75     0x000000009d000458        0x8 c:/program files/microchip/xc32/v4.60/bin/bin/../../lib/gcc/pic32mx/8.3.1/../../../../pic32mx/lib/micromips\libpic32.a(vector75.o)
                0x000000009d000459                __vector_dispatch_75
                0x0000000000000001                ASSERT (((_vector_spacing == 0x0) || (SIZEOF (.vector_75) <= (_vector_spacing << 0x3))), function at exception vector 75 too large)

.vector_76      0x000000009d000460        0x8
 *(.vector_76)
 .vector_76     0x000000009d000460        0x8 c:/program files/microchip/xc32/v4.60/bin/bin/../../lib/gcc/pic32mx/8.3.1/../../../../pic32mx/lib/micromips\libpic32.a(vector76.o)
                0x000000009d000461                __vector_dispatch_76
                0x0000000000000001                ASSERT (((_vector_spacing == 0x0) || (SIZEOF (.vector_76) <= (_vector_spacing << 0x3))), function at exception vector 76 too large)

.vector_77      0x000000009d000468        0x8
 *(.vector_77)
 .vector_77     0x000000009d000468        0x8 c:/program files/microchip/xc32/v4.60/bin/bin/../../lib/gcc/pic32mx/8.3.1/../../../../pic32mx/lib/micromips\libpic32.a(vector77.o)
                0x000000009d000469                __vector_dispatch_77
                0x0000000000000001                ASSERT (((_vector_spacing == 0x0) || (SIZEOF (.vector_77) <= (_vector_spacing << 0x3))), function at exception vector 77 too large)

.vector_78      0x000000009d000470        0x8
 *(.vector_78)
 .vector_78     0x000000009d000470        0x8 c:/program files/microchip/xc32/v4.60/bin/bin/../../lib/gcc/pic32mx/8.3.1/../../../../pic32mx/lib/micromips\libpic32.a(vector78.o)
                0x000000009d000471                __vector_dispatch_78
                0x0000000000000001                ASSERT (((_vector_spacing == 0x0) || (SIZEOF (.vector_78) <= (_vector_spacing << 0x3))), function at exception vector 78 too large)

.vector_79      0x000000009d000478        0x8
 *(.vector_79)
 .vector_79     0x000000009d000478        0x8 c:/program files/microchip/xc32/v4.60/bin/bin/../../lib/gcc/pic32mx/8.3.1/../../../../pic32mx/lib/micromips\libpic32.a(vector79.o)
                0x000000009d000479                __vector_dispatch_79
                0x0000000000000001                ASSERT (((_vector_spacing == 0x0) || (SIZEOF (.vector_79) <= (_vector_spacing << 0x3))), function at exception vector 79 too large)

.vector_80      0x000000009d000480        0x8
 *(.vector_80)
 .vector_80     0x000000009d000480        0x8 c:/program files/microchip/xc32/v4.60/bin/bin/../../lib/gcc/pic32mx/8.3.1/../../../../pic32mx/lib/micromips\libpic32.a(vector80.o)
                0x000000009d000481                __vector_dispatch_80
                0x0000000000000001                ASSERT (((_vector_spacing == 0x0) || (SIZEOF (.vector_80) <= (_vector_spacing << 0x3))), function at exception vector 80 too large)

.vector_81      0x000000009d000488        0x8
 *(.vector_81)
 .vector_81     0x000000009d000488        0x8 c:/program files/microchip/xc32/v4.60/bin/bin/../../lib/gcc/pic32mx/8.3.1/../../../../pic32mx/lib/micromips\libpic32.a(vector81.o)
                0x000000009d000489                __vector_dispatch_81
                0x0000000000000001                ASSERT (((_vector_spacing == 0x0) || (SIZEOF (.vector_81) <= (_vector_spacing << 0x3))), function at exception vector 81 too large)

.vector_82      0x000000009d000490        0x8
 *(.vector_82)
 .vector_82     0x000000009d000490        0x8 c:/program files/microchip/xc32/v4.60/bin/bin/../../lib/gcc/pic32mx/8.3.1/../../../../pic32mx/lib/micromips\libpic32.a(vector82.o)
                0x000000009d000491                __vector_dispatch_82
                0x0000000000000001                ASSERT (((_vector_spacing == 0x0) || (SIZEOF (.vector_82) <= (_vector_spacing << 0x3))), function at exception vector 82 too large)

.vector_83      0x000000009d000498        0x8
 *(.vector_83)
 .vector_83     0x000000009d000498        0x8 c:/program files/microchip/xc32/v4.60/bin/bin/../../lib/gcc/pic32mx/8.3.1/../../../../pic32mx/lib/micromips\libpic32.a(vector83.o)
                0x000000009d000499                __vector_dispatch_83
                0x0000000000000001                ASSERT (((_vector_spacing == 0x0) || (SIZEOF (.vector_83) <= (_vector_spacing << 0x3))), function at exception vector 83 too large)

.vector_84      0x000000009d0004a0        0x8
 *(.vector_84)
 .vector_84     0x000000009d0004a0        0x8 c:/program files/microchip/xc32/v4.60/bin/bin/../../lib/gcc/pic32mx/8.3.1/../../../../pic32mx/lib/micromips\libpic32.a(vector84.o)
                0x000000009d0004a1                __vector_dispatch_84
                0x0000000000000001                ASSERT (((_vector_spacing == 0x0) || (SIZEOF (.vector_84) <= (_vector_spacing << 0x3))), function at exception vector 84 too large)

.vector_85      0x000000009d0004a8        0x8
 *(.vector_85)
 .vector_85     0x000000009d0004a8        0x8 c:/program files/microchip/xc32/v4.60/bin/bin/../../lib/gcc/pic32mx/8.3.1/../../../../pic32mx/lib/micromips\libpic32.a(vector85.o)
                0x000000009d0004a9                __vector_dispatch_85
                0x0000000000000001                ASSERT (((_vector_spacing == 0x0) || (SIZEOF (.vector_85) <= (_vector_spacing << 0x3))), function at exception vector 85 too large)

.vector_86      0x000000009d0004b0        0x8
 *(.vector_86)
 .vector_86     0x000000009d0004b0        0x8 c:/program files/microchip/xc32/v4.60/bin/bin/../../lib/gcc/pic32mx/8.3.1/../../../../pic32mx/lib/micromips\libpic32.a(vector86.o)
                0x000000009d0004b1                __vector_dispatch_86
                0x0000000000000001                ASSERT (((_vector_spacing == 0x0) || (SIZEOF (.vector_86) <= (_vector_spacing << 0x3))), function at exception vector 86 too large)

.vector_87      0x000000009d0004b8        0x8
 *(.vector_87)
 .vector_87     0x000000009d0004b8        0x8 c:/program files/microchip/xc32/v4.60/bin/bin/../../lib/gcc/pic32mx/8.3.1/../../../../pic32mx/lib/micromips\libpic32.a(vector87.o)
                0x000000009d0004b9                __vector_dispatch_87
                0x0000000000000001                ASSERT (((_vector_spacing == 0x0) || (SIZEOF (.vector_87) <= (_vector_spacing << 0x3))), function at exception vector 87 too large)

.vector_88      0x000000009d0004c0        0x8
 *(.vector_88)
 .vector_88     0x000000009d0004c0        0x8 c:/program files/microchip/xc32/v4.60/bin/bin/../../lib/gcc/pic32mx/8.3.1/../../../../pic32mx/lib/micromips\libpic32.a(vector88.o)
                0x000000009d0004c1                __vector_dispatch_88
                0x0000000000000001                ASSERT (((_vector_spacing == 0x0) || (SIZEOF (.vector_88) <= (_vector_spacing << 0x3))), function at exception vector 88 too large)

.vector_89      0x000000009d0004c8        0x8
 *(.vector_89)
 .vector_89     0x000000009d0004c8        0x8 c:/program files/microchip/xc32/v4.60/bin/bin/../../lib/gcc/pic32mx/8.3.1/../../../../pic32mx/lib/micromips\libpic32.a(vector89.o)
                0x000000009d0004c9                __vector_dispatch_89
                0x0000000000000001                ASSERT (((_vector_spacing == 0x0) || (SIZEOF (.vector_89) <= (_vector_spacing << 0x3))), function at exception vector 89 too large)

.vector_90      0x000000009d0004d0        0x8
 *(.vector_90)
 .vector_90     0x000000009d0004d0        0x8 c:/program files/microchip/xc32/v4.60/bin/bin/../../lib/gcc/pic32mx/8.3.1/../../../../pic32mx/lib/micromips\libpic32.a(vector90.o)
                0x000000009d0004d1                __vector_dispatch_90
                0x0000000000000001                ASSERT (((_vector_spacing == 0x0) || (SIZEOF (.vector_90) <= (_vector_spacing << 0x3))), function at exception vector 90 too large)

.vector_91      0x000000009d0004d8        0x8
 *(.vector_91)
 .vector_91     0x000000009d0004d8        0x8 c:/program files/microchip/xc32/v4.60/bin/bin/../../lib/gcc/pic32mx/8.3.1/../../../../pic32mx/lib/micromips\libpic32.a(vector91.o)
                0x000000009d0004d9                __vector_dispatch_91
                0x0000000000000001                ASSERT (((_vector_spacing == 0x0) || (SIZEOF (.vector_91) <= (_vector_spacing << 0x3))), function at exception vector 91 too large)

.vector_92      0x000000009d0004e0        0x8
 *(.vector_92)
 .vector_92     0x000000009d0004e0        0x8 c:/program files/microchip/xc32/v4.60/bin/bin/../../lib/gcc/pic32mx/8.3.1/../../../../pic32mx/lib/micromips\libpic32.a(vector92.o)
                0x000000009d0004e1                __vector_dispatch_92
                0x0000000000000001                ASSERT (((_vector_spacing == 0x0) || (SIZEOF (.vector_92) <= (_vector_spacing << 0x3))), function at exception vector 92 too large)

.vector_93      0x000000009d0004e8        0x8
 *(.vector_93)
 .vector_93     0x000000009d0004e8        0x8 c:/program files/microchip/xc32/v4.60/bin/bin/../../lib/gcc/pic32mx/8.3.1/../../../../pic32mx/lib/micromips\libpic32.a(vector93.o)
                0x000000009d0004e9                __vector_dispatch_93
                0x0000000000000001                ASSERT (((_vector_spacing == 0x0) || (SIZEOF (.vector_93) <= (_vector_spacing << 0x3))), function at exception vector 93 too large)

.vector_94      0x000000009d0004f0        0x8
 *(.vector_94)
 .vector_94     0x000000009d0004f0        0x8 c:/program files/microchip/xc32/v4.60/bin/bin/../../lib/gcc/pic32mx/8.3.1/../../../../pic32mx/lib/micromips\libpic32.a(vector94.o)
                0x000000009d0004f1                __vector_dispatch_94
                0x0000000000000001                ASSERT (((_vector_spacing == 0x0) || (SIZEOF (.vector_94) <= (_vector_spacing << 0x3))), function at exception vector 94 too large)

.vector_95      0x000000009d0004f8        0x8
 *(.vector_95)
 .vector_95     0x000000009d0004f8        0x8 c:/program files/microchip/xc32/v4.60/bin/bin/../../lib/gcc/pic32mx/8.3.1/../../../../pic32mx/lib/micromips\libpic32.a(vector95.o)
                0x000000009d0004f9                __vector_dispatch_95
                0x0000000000000001                ASSERT (((_vector_spacing == 0x0) || (SIZEOF (.vector_95) <= (_vector_spacing << 0x3))), function at exception vector 95 too large)

.vector_96      0x000000009d000500        0x8
 *(.vector_96)
 .vector_96     0x000000009d000500        0x8 c:/program files/microchip/xc32/v4.60/bin/bin/../../lib/gcc/pic32mx/8.3.1/../../../../pic32mx/lib/micromips\libpic32.a(vector96.o)
                0x000000009d000501                __vector_dispatch_96
                0x0000000000000001                ASSERT (((_vector_spacing == 0x0) || (SIZEOF (.vector_96) <= (_vector_spacing << 0x3))), function at exception vector 96 too large)

.vector_97      0x000000009d000508        0x8
 *(.vector_97)
 .vector_97     0x000000009d000508        0x8 c:/program files/microchip/xc32/v4.60/bin/bin/../../lib/gcc/pic32mx/8.3.1/../../../../pic32mx/lib/micromips\libpic32.a(vector97.o)
                0x000000009d000509                __vector_dispatch_97
                0x0000000000000001                ASSERT (((_vector_spacing == 0x0) || (SIZEOF (.vector_97) <= (_vector_spacing << 0x3))), function at exception vector 97 too large)

.vector_98      0x000000009d000510        0x8
 *(.vector_98)
 .vector_98     0x000000009d000510        0x8 c:/program files/microchip/xc32/v4.60/bin/bin/../../lib/gcc/pic32mx/8.3.1/../../../../pic32mx/lib/micromips\libpic32.a(vector98.o)
                0x000000009d000511                __vector_dispatch_98
                0x0000000000000001                ASSERT (((_vector_spacing == 0x0) || (SIZEOF (.vector_98) <= (_vector_spacing << 0x3))), function at exception vector 98 too large)

.vector_99      0x000000009d000518        0x8
 *(.vector_99)
 .vector_99     0x000000009d000518        0x8 c:/program files/microchip/xc32/v4.60/bin/bin/../../lib/gcc/pic32mx/8.3.1/../../../../pic32mx/lib/micromips\libpic32.a(vector99.o)
                0x000000009d000519                __vector_dispatch_99
                0x0000000000000001                ASSERT (((_vector_spacing == 0x0) || (SIZEOF (.vector_99) <= (_vector_spacing << 0x3))), function at exception vector 99 too large)

.vector_100     0x000000009d000520        0x8
 *(.vector_100)
 .vector_100    0x000000009d000520        0x8 c:/program files/microchip/xc32/v4.60/bin/bin/../../lib/gcc/pic32mx/8.3.1/../../../../pic32mx/lib/micromips\libpic32.a(vector100.o)
                0x000000009d000521                __vector_dispatch_100
                0x0000000000000001                ASSERT (((_vector_spacing == 0x0) || (SIZEOF (.vector_100) <= (_vector_spacing << 0x3))), function at exception vector 100 too large)

.vector_101     0x000000009d000528        0x8
 *(.vector_101)
 .vector_101    0x000000009d000528        0x8 c:/program files/microchip/xc32/v4.60/bin/bin/../../lib/gcc/pic32mx/8.3.1/../../../../pic32mx/lib/micromips\libpic32.a(vector101.o)
                0x000000009d000529                __vector_dispatch_101
                0x0000000000000001                ASSERT (((_vector_spacing == 0x0) || (SIZEOF (.vector_101) <= (_vector_spacing << 0x3))), function at exception vector 101 too large)

.startup
 *(.startup)

.text           0x000000009d000530        0x0
 *(.stub .gnu.linkonce.t.*)
 *(.text.*personality*)
 *(.mips16.fn.*)
 *(.mips16.call.*)
 *(.gnu.warning)
                0x000000009d000530                . = ALIGN (0x4)

.init           0x000000009d000530        0x0
 *crti.o(.init)
 *crtbegin.o(.init)
 *(EXCLUDE_FILE(*crtn.o *crtend?.o *crtend.o) .init)
 *crtend.o(.init)
 *crtn.o(.init)
                0x000000009d000530                . = ALIGN (0x4)

.fini           0x000000009d000530        0x0
 *(.fini)
                0x000000009d000530                . = ALIGN (0x4)

.preinit_array  0x000000009d000530        0x0
                [!provide]                        PROVIDE (__preinit_array_start = .)
 *(.preinit_array)
                [!provide]                        PROVIDE (__preinit_array_end = .)
                0x000000009d000530                . = ALIGN (0x4)

.init_array     0x000000009d000530        0x0
                [!provide]                        PROVIDE (__init_array_start = .)
 *(SORT_BY_NAME(.init_array.*))
 *(.init_array)
                [!provide]                        PROVIDE (__init_array_end = .)
                0x000000009d000530                . = ALIGN (0x4)

.fini_array     0x000000009d000530        0x0
                [!provide]                        PROVIDE (__fini_array_start = .)
 *(SORT_BY_NAME(.fini_array.*))
 *(.fini_array)
                [!provide]                        PROVIDE (__fini_array_end = .)
                0x000000009d000530                . = ALIGN (0x4)

.ctors          0x000000009d000530        0x0
 *crtbegin.o(.ctors)
 *crtbegin?.o(.ctors)
 *(EXCLUDE_FILE(*crtend?.o *crtend.o) .ctors)
 *(SORT_BY_NAME(.ctors.*))
 *(.ctors)
                0x000000009d000530                . = ALIGN (0x4)

.dtors          0x000000009d000530        0x0
 *crtbegin.o(.dtors)
 *crtbegin?.o(.dtors)
 *(EXCLUDE_FILE(*crtend?.o *crtend.o) .dtors)
 *(SORT_BY_NAME(.dtors.*))
 *(.dtors)
                0x000000009d000530                . = ALIGN (0x4)

.rodata         0x000000009d000530        0x0
 *(.gnu.linkonce.r.*)
 *(.rodata1)
                0x000000009d000530                . = ALIGN (0x4)

.sdata2         0x000000009d000530        0x0
 *(.sdata2 .sdata2.* .gnu.linkonce.s2.*)
                0x000000009d000530                . = ALIGN (0x4)

.sbss2          0x000000009d000530        0x0
 *(.sbss2 .sbss2.* .gnu.linkonce.sb2.*)
                0x000000009d000530                . = ALIGN (0x4)

.eh_frame_hdr
 *(.eh_frame_hdr)
                0x000000009d000530                . = ALIGN (0x4)

.eh_frame
 *(.eh_frame)
                0x000000009d000530                . = ALIGN (0x4)

.gcc_except_table
 *(.gcc_except_table .gcc_except_table.*)
                0x000000009d000530                . = ALIGN (0x4)

.dbg_data       0x0000000080000200        0x0
                0x0000000080000200                . = (. + DEFINED (_DEBUGGER)?0x200:0x0)

.jcr            0x0000000080000200        0x0
 *(.jcr)
                0x0000000080000200                . = ALIGN (0x4)

.eh_frame
 *(.eh_frame)
                0x0000000080000200                . = ALIGN (0x4)

.gcc_except_table
 *(.gcc_except_table .gcc_except_table.*)
                0x0000000080000200                . = ALIGN (0x4)

.persist        0x0000000080000200        0x0
                0x0000000080000200                _persist_begin = .
 *(.persist .persist.*)
                0x0000000080000200                . = ALIGN (0x4)
                0x0000000080000200                _persist_end = .

.data           0x0000000080000200        0x0
 *(.gnu.linkonce.d.*)
 *(.data1)
                0x0000000080000200                . = ALIGN (0x4)
                0x0000000080000200                . = .
                0x00000000800081f0                _gp = (ALIGN (0x10) + 0x7ff0)

.got            0x0000000080000200        0x0
 *(.got.plt)
 *(.got)
                0x0000000080000200                . = ALIGN (0x4)

.sdata          0x0000000080000200        0x0
                0x0000000080000200                _sdata_begin = .
 *(.sdata .sdata.* .gnu.linkonce.s.*)
                0x0000000080000200                . = ALIGN (0x4)
                0x0000000080000200                _sdata_end = .

.lit8
 *(.lit8)

.lit4
 *(.lit4)
                0x0000000080000200                . = ALIGN (0x4)
                0x0000000080000200                _data_end = .
                0x0000000080000200                _bss_begin = .

.sbss           0x0000000080000200       0x58
                0x0000000080000200                _sbss_begin = .
 *(.dynsbss)
 *(.sbss .sbss.* .gnu.linkonce.sb.*)
 .sbss.tmr1Obj  0x0000000080000200        0x8 build/default/debug/_ext/1865638794/plib_tmr1.o
 .sbss.lineTail
                0x0000000080000208        0x4 build/default/debug/_ext/1360937237/telit.o
 .sbss.lineHead
                0x000000008000020c        0x4 build/default/debug/_ext/1360937237/telit.o
 .sbss.linePos  0x0000000080000210        0x4 build/default/debug/_ext/1360937237/telit.o
 .sbss.msTicks  0x0000000080000214        0x4 build/default/debug/_ext/1360937237/bsp.o
                0x0000000080000214                msTicks
 .sbss.t0.10377
                0x0000000080000218        0x4 build/default/debug/protothreads.o
 .sbss.t0.10368
                0x000000008000021c        0x4 build/default/debug/protothreads.o
 .sbss.inited.10355
                0x0000000080000220        0x1 build/default/debug/protothreads.o
 *fill*         0x0000000080000221        0x3 
 .sbss.t0.10344
                0x0000000080000224        0x4 build/default/debug/protothreads.o
 .sbss.t0.10335
                0x0000000080000228        0x4 build/default/debug/protothreads.o
 .sbss.ptCLI    0x000000008000022c        0x2 build/default/debug/protothreads.o
                0x000000008000022c                ptCLI
 *fill*         0x000000008000022e        0x2 
 .sbss.ptEth    0x0000000080000230        0x2 build/default/debug/protothreads.o
                0x0000000080000230                ptEth
 *fill*         0x0000000080000232        0x2 
 .sbss.ptEsp32  0x0000000080000234        0x2 build/default/debug/protothreads.o
                0x0000000080000234                ptEsp32
 *fill*         0x0000000080000236        0x2 
 .sbss.ptTelit  0x0000000080000238        0x2 build/default/debug/protothreads.o
                0x0000000080000238                ptTelit
 *fill*         0x000000008000023a        0x2 
 .sbss.ptSensor
                0x000000008000023c        0x2 build/default/debug/protothreads.o
                0x000000008000023c                ptSensor
 *fill*         0x000000008000023e        0x2 
 .sbss.L.10191  0x0000000080000240        0x4 build/default/debug/_ext/1360937237/esp32_comm.o
 .sbss.rx_crc   0x0000000080000244        0x2 build/default/debug/_ext/1360937237/esp32_comm.o
 .sbss.got      0x0000000080000246        0x2 build/default/debug/_ext/1360937237/esp32_comm.o
 .sbss.want_len
                0x0000000080000248        0x2 build/default/debug/_ext/1360937237/esp32_comm.o
 *fill*         0x000000008000024a        0x2 
 .sbss.st       0x000000008000024c        0x4 build/default/debug/_ext/1360937237/esp32_comm.o
 .sbss.app_cb   0x0000000080000250        0x4 build/default/debug/_ext/1360937237/esp32_comm.o
 .sbss.rx_flag  0x0000000080000254        0x1 build/default/debug/_ext/1360937237/esp32_comm.o
 *(.scommon)
                0x0000000080000255                _sbss_end = .
                0x0000000080000258                . = ALIGN (0x4)
 *fill*         0x0000000080000255        0x3 

.bss            0x0000000080000258        0x0
 *(.dynbss)
 *(COMMON)
                0x0000000080000258                . = ALIGN ((. != 0x0)?0x4:0x1)
                0x0000000080000258                . = ALIGN (0x4)
                0x0000000080000258                _end = .
                0x0000000080000258                _bss_end = .
                0x0000000000008000                _bmxdudba_address = LENGTH (kseg0_data_mem)
                0x0000000000008000                _bmxdupba_address = LENGTH (kseg0_data_mem)

/DISCARD/
 *(.pdr)
 *(.rel.dyn)
 *(.note.GNU-stack)
 *(.note.GNU-stack)
 *(.gnu_debuglink)
 *(.gnu.lto_*)
 *(.discard)

.gptab.sdata
 *(.gptab.data)
 *(.gptab.sdata)

.gptab.sbss
 *(.gptab.bss)
 *(.gptab.sbss)

.mdebug.abi32   0x0000000000000000        0x0
 *(.mdebug.abi32)
 .mdebug.abi32  0x0000000000000000        0x0 c:/program files/microchip/xc32/v4.60/bin/bin/../../lib/gcc/pic32mx/8.3.1/../../../../pic32mx/lib/micromips\software-debug-break.o
 .mdebug.abi32  0x0000000000000000        0x0 build/default/debug/_ext/1360937237/layers_docments.o
 .mdebug.abi32  0x0000000000000000        0x0 build/default/debug/_ext/60165520/plib_clk.o
 .mdebug.abi32  0x0000000000000000        0x0 build/default/debug/_ext/1865200349/plib_evic.o
 .mdebug.abi32  0x0000000000000000        0x0 build/default/debug/_ext/1865254177/plib_gpio.o
 .mdebug.abi32  0x0000000000000000        0x0 build/default/debug/_ext/298189674/plib_spi1_master.o
 .mdebug.abi32  0x0000000000000000        0x0 build/default/debug/_ext/1865638794/plib_tmr1.o
 .mdebug.abi32  0x0000000000000000        0x0 build/default/debug/_ext/1865657120/plib_uart3.o
 .mdebug.abi32  0x0000000000000000        0x0 build/default/debug/_ext/1865657120/plib_uart1.o
 .mdebug.abi32  0x0000000000000000        0x0 build/default/debug/_ext/1865657120/plib_uart2.o
 .mdebug.abi32  0x0000000000000000        0x0 build/default/debug/_ext/163028504/xc32_monitor.o
 .mdebug.abi32  0x0000000000000000        0x0 build/default/debug/_ext/1171490990/initialization.o
 .mdebug.abi32  0x0000000000000000        0x0 build/default/debug/_ext/1171490990/interrupts.o
 .mdebug.abi32  0x0000000000000000        0x0 build/default/debug/_ext/1171490990/exceptions.o
 .mdebug.abi32  0x0000000000000000        0x0 build/default/debug/_ext/1360937237/telit.o
 .mdebug.abi32  0x0000000000000000        0x0 build/default/debug/_ext/1360937237/bsp.o
 .mdebug.abi32  0x0000000000000000        0x0 build/default/debug/_ext/1360937237/esp32.o
 .mdebug.abi32  0x0000000000000000        0x0 build/default/debug/_ext/1360937237/w5500if.o
 .mdebug.abi32  0x0000000000000000        0x0 build/default/debug/_ext/1360937237/main.o
 .mdebug.abi32  0x0000000000000000        0x0 build/default/debug/protothreads.o
 .mdebug.abi32  0x0000000000000000        0x0 build/default/debug/_ext/1360937237/esp32_comm.o
 .mdebug.abi32  0x0000000000000000        0x0 build/default/debug/_ext/1360937237/esp32_proto.o
 .mdebug.abi32  0x0000000000000000        0x0 c:/program files/microchip/xc32/v4.60/bin/bin/../../lib/gcc/pic32mx/8.3.1/../../../../pic32mx/lib/micromips\libpic32.a(default-on-reset.o)
 .mdebug.abi32  0x0000000000000000        0x0 c:/program files/microchip/xc32/v4.60/bin/bin/../../lib/gcc/pic32mx/8.3.1/../../../../pic32mx/lib/micromips\libpic32.a(default-on-bootstrap.o)
 .mdebug.abi32  0x0000000000000000        0x0 c:/program files/microchip/xc32/v4.60/bin/bin/../../lib/gcc/pic32mx/8.3.1/../../../../pic32mx/lib/micromips\libpic32.a(defaultinterrupt.o)
 .mdebug.abi32  0x0000000000000000        0x0 c:/program files/microchip/xc32/v4.60/bin/bin/../../lib/gcc/pic32mx/8.3.1/../../../../pic32mx/lib/micromips\libc-size-musl.a(memcpy.o)
 .mdebug.abi32  0x0000000000000000        0x0 c:/program files/microchip/xc32/v4.60/bin/bin/../../lib/gcc/pic32mx/8.3.1/../../../../pic32mx/lib/micromips\libc-size-musl.a(memset.o)
 .mdebug.abi32  0x0000000000000000        0x0 c:/program files/microchip/xc32/v4.60/bin/bin/../../lib/gcc/pic32mx/8.3.1/../../../../pic32mx/lib/micromips\libc-size-musl.a(strlen.o)
 .mdebug.abi32  0x0000000000000000        0x0 c:/program files/microchip/xc32/v4.60/bin/bin/../../lib/gcc/pic32mx/8.3.1/../../../../pic32mx/lib/micromips\libc-size-musl.a(strncpy.o)
 .mdebug.abi32  0x0000000000000000        0x0 c:/program files/microchip/xc32/v4.60/bin/bin/../../lib/gcc/pic32mx/8.3.1/../../../../pic32mx/lib/micromips\libc-size-musl.a(stpncpy.o)

.mdebug.abiN32
 *(.mdebug.abiN32)

.mdebug.abi64
 *(.mdebug.abi64)

.mdebug.abiO64
 *(.mdebug.abiO64)

.mdebug.eabi32
 *(.mdebug.eabi32)

.mdebug.eabi64
 *(.mdebug.eabi64)

.gcc_compiled_long32
 *(.gcc_compiled_long32)

.gcc_compiled_long64
 *(.gcc_compiled_long64)

.stab
 *(.stab)

.stabstr
 *(.stabstr)

.stab.excl
 *(.stab.excl)

.stab.exclstr
 *(.stab.exclstr)

.stab.index
 *(.stab.index)

.stab.indexstr
 *(.stab.indexstr)

.comment        0x0000000000000000       0x2b
 *(.comment)
 .comment       0x0000000000000000       0x2b c:/program files/microchip/xc32/v4.60/bin/bin/../../lib/gcc/pic32mx/8.3.1/../../../../pic32mx/lib/micromips\software-debug-break.o
                                         0x2c (size before relaxing)
 .comment       0x000000000000002b       0x2c build/default/debug/_ext/1360937237/layers_docments.o
 .comment       0x000000000000002b       0x2c build/default/debug/_ext/60165520/plib_clk.o
 .comment       0x000000000000002b       0x2c build/default/debug/_ext/1865200349/plib_evic.o
 .comment       0x000000000000002b       0x2c build/default/debug/_ext/1865254177/plib_gpio.o
 .comment       0x000000000000002b       0x2c build/default/debug/_ext/298189674/plib_spi1_master.o
 .comment       0x000000000000002b       0x2c build/default/debug/_ext/1865638794/plib_tmr1.o
 .comment       0x000000000000002b       0x2c build/default/debug/_ext/1865657120/plib_uart3.o
 .comment       0x000000000000002b       0x2c build/default/debug/_ext/1865657120/plib_uart1.o
 .comment       0x000000000000002b       0x2c build/default/debug/_ext/1865657120/plib_uart2.o
 .comment       0x000000000000002b       0x2c build/default/debug/_ext/163028504/xc32_monitor.o
 .comment       0x000000000000002b       0x2c build/default/debug/_ext/1171490990/initialization.o
 .comment       0x000000000000002b       0x2c build/default/debug/_ext/1171490990/interrupts.o
 .comment       0x000000000000002b       0x2c build/default/debug/_ext/1171490990/exceptions.o
 .comment       0x000000000000002b       0x2c build/default/debug/_ext/1360937237/telit.o
 .comment       0x000000000000002b       0x2c build/default/debug/_ext/1360937237/bsp.o
 .comment       0x000000000000002b       0x2c build/default/debug/_ext/1360937237/esp32.o
 .comment       0x000000000000002b       0x2c build/default/debug/_ext/1360937237/w5500if.o
 .comment       0x000000000000002b       0x2c build/default/debug/_ext/1360937237/main.o
 .comment       0x000000000000002b       0x2c build/default/debug/protothreads.o
 .comment       0x000000000000002b       0x2c build/default/debug/_ext/1360937237/esp32_comm.o
 .comment       0x000000000000002b       0x2c build/default/debug/_ext/1360937237/esp32_proto.o
 .comment       0x000000000000002b       0x2c c:/program files/microchip/xc32/v4.60/bin/bin/../../lib/gcc/pic32mx/8.3.1/../../../../pic32mx/lib/micromips\libpic32.a(default-on-reset.o)
 .comment       0x000000000000002b       0x2c c:/program files/microchip/xc32/v4.60/bin/bin/../../lib/gcc/pic32mx/8.3.1/../../../../pic32mx/lib/micromips\libpic32.a(default-on-bootstrap.o)
 .comment       0x000000000000002b       0x2c c:/program files/microchip/xc32/v4.60/bin/bin/../../lib/gcc/pic32mx/8.3.1/../../../../pic32mx/lib/micromips\libpic32.a(defaultinterrupt.o)
 .comment       0x000000000000002b       0x2c c:/program files/microchip/xc32/v4.60/bin/bin/../../lib/gcc/pic32mx/8.3.1/../../../../pic32mx/lib/micromips\libc-size-musl.a(memcpy.o)
 .comment       0x000000000000002b       0x2c c:/program files/microchip/xc32/v4.60/bin/bin/../../lib/gcc/pic32mx/8.3.1/../../../../pic32mx/lib/micromips\libc-size-musl.a(memset.o)
 .comment       0x000000000000002b       0x2c c:/program files/microchip/xc32/v4.60/bin/bin/../../lib/gcc/pic32mx/8.3.1/../../../../pic32mx/lib/micromips\libc-size-musl.a(strlen.o)
 .comment       0x000000000000002b       0x2c c:/program files/microchip/xc32/v4.60/bin/bin/../../lib/gcc/pic32mx/8.3.1/../../../../pic32mx/lib/micromips\libc-size-musl.a(strncpy.o)
 .comment       0x000000000000002b       0x2c c:/program files/microchip/xc32/v4.60/bin/bin/../../lib/gcc/pic32mx/8.3.1/../../../../pic32mx/lib/micromips\libc-size-musl.a(stpncpy.o)

.debug
 *.elf(.debug)
 *(.debug)

.line
 *.elf(.line)
 *(.line)

.debug_srcinfo
 *.elf(.debug_srcinfo)
 *(.debug_srcinfo)

.debug_sfnames
 *.elf(.debug_sfnames)
 *(.debug_sfnames)

.debug_aranges  0x0000000000000000      0x8b0
 *.elf(.debug_aranges)
 *(.debug_aranges)
 .debug_aranges
                0x0000000000000000       0x20 c:/program files/microchip/xc32/v4.60/bin/bin/../../lib/gcc/pic32mx/8.3.1/../../../../pic32mx/lib/micromips\software-debug-break.o
 .debug_aranges
                0x0000000000000020       0x20 build/default/debug/_ext/60165520/plib_clk.o
 .debug_aranges
                0x0000000000000040       0x78 build/default/debug/_ext/1865200349/plib_evic.o
 .debug_aranges
                0x00000000000000b8       0x60 build/default/debug/_ext/1865254177/plib_gpio.o
 .debug_aranges
                0x0000000000000118       0x68 build/default/debug/_ext/298189674/plib_spi1_master.o
 .debug_aranges
                0x0000000000000180       0x70 build/default/debug/_ext/1865638794/plib_tmr1.o
 .debug_aranges
                0x00000000000001f0       0xd8 build/default/debug/_ext/1865657120/plib_uart3.o
 .debug_aranges
                0x00000000000002c8       0xd8 build/default/debug/_ext/1865657120/plib_uart1.o
 .debug_aranges
                0x00000000000003a0       0xd8 build/default/debug/_ext/1865657120/plib_uart2.o
 .debug_aranges
                0x0000000000000478       0x28 build/default/debug/_ext/163028504/xc32_monitor.o
 .debug_aranges
                0x00000000000004a0       0x20 build/default/debug/_ext/1171490990/initialization.o
 .debug_aranges
                0x00000000000004c0       0x78 build/default/debug/_ext/1171490990/interrupts.o
 .debug_aranges
                0x0000000000000538       0x28 build/default/debug/_ext/1171490990/exceptions.o
 .debug_aranges
                0x0000000000000560       0x40 build/default/debug/_ext/1360937237/telit.o
 .debug_aranges
                0x00000000000005a0       0x38 build/default/debug/_ext/1360937237/bsp.o
 .debug_aranges
                0x00000000000005d8       0x40 build/default/debug/_ext/1360937237/esp32.o
 .debug_aranges
                0x0000000000000618       0x48 build/default/debug/_ext/1360937237/w5500if.o
 .debug_aranges
                0x0000000000000660       0x38 build/default/debug/_ext/1360937237/main.o
 .debug_aranges
                0x0000000000000698       0x68 build/default/debug/protothreads.o
 .debug_aranges
                0x0000000000000700       0x50 build/default/debug/_ext/1360937237/esp32_comm.o
 .debug_aranges
                0x0000000000000750       0x20 build/default/debug/_ext/1360937237/esp32_proto.o
 .debug_aranges
                0x0000000000000770       0x40 C:\Users\AHMED~1.THA\AppData\Local\Temp\ccQFgFYs.o
 .debug_aranges
                0x00000000000007b0       0x20 c:/program files/microchip/xc32/v4.60/bin/bin/../../lib/gcc/pic32mx/8.3.1/../../../../pic32mx/lib/micromips\libpic32.a(default-on-reset.o)
 .debug_aranges
                0x00000000000007d0       0x20 c:/program files/microchip/xc32/v4.60/bin/bin/../../lib/gcc/pic32mx/8.3.1/../../../../pic32mx/lib/micromips\libpic32.a(default-on-bootstrap.o)
 .debug_aranges
                0x00000000000007f0       0x20 c:/program files/microchip/xc32/v4.60/bin/bin/../../lib/gcc/pic32mx/8.3.1/../../../../pic32mx/lib/micromips\libpic32.a(defaultinterrupt.o)
 .debug_aranges
                0x0000000000000810       0x20 c:/program files/microchip/xc32/v4.60/bin/bin/../../lib/gcc/pic32mx/8.3.1/../../../../pic32mx/lib/micromips\libc-size-musl.a(memcpy.o)
 .debug_aranges
                0x0000000000000830       0x20 c:/program files/microchip/xc32/v4.60/bin/bin/../../lib/gcc/pic32mx/8.3.1/../../../../pic32mx/lib/micromips\libc-size-musl.a(memset.o)
 .debug_aranges
                0x0000000000000850       0x20 c:/program files/microchip/xc32/v4.60/bin/bin/../../lib/gcc/pic32mx/8.3.1/../../../../pic32mx/lib/micromips\libc-size-musl.a(strlen.o)
 .debug_aranges
                0x0000000000000870       0x20 c:/program files/microchip/xc32/v4.60/bin/bin/../../lib/gcc/pic32mx/8.3.1/../../../../pic32mx/lib/micromips\libc-size-musl.a(strncpy.o)
 .debug_aranges
                0x0000000000000890       0x20 c:/program files/microchip/xc32/v4.60/bin/bin/../../lib/gcc/pic32mx/8.3.1/../../../../pic32mx/lib/micromips\libc-size-musl.a(stpncpy.o)

.debug_pubnames
 *.elf(.debug_pubnames)
 *(.debug_pubnames)

.debug_info     0x0000000000000000     0x832d
 *.elf(.debug_info .gnu.linkonce.wi.*)
 *(.debug_info .gnu.linkonce.wi.*)
 .debug_info    0x0000000000000000       0x3f c:/program files/microchip/xc32/v4.60/bin/bin/../../lib/gcc/pic32mx/8.3.1/../../../../pic32mx/lib/micromips\software-debug-break.o
 .debug_info    0x000000000000003f      0x4c1 build/default/debug/_ext/60165520/plib_clk.o
 .debug_info    0x0000000000000500      0x47a build/default/debug/_ext/1865200349/plib_evic.o
 .debug_info    0x000000000000097a      0x44b build/default/debug/_ext/1865254177/plib_gpio.o
 .debug_info    0x0000000000000dc5      0x6cf build/default/debug/_ext/298189674/plib_spi1_master.o
 .debug_info    0x0000000000001494      0x4a2 build/default/debug/_ext/1865638794/plib_tmr1.o
 .debug_info    0x0000000000001936      0xebd build/default/debug/_ext/1865657120/plib_uart3.o
 .debug_info    0x00000000000027f3      0xebc build/default/debug/_ext/1865657120/plib_uart1.o
 .debug_info    0x00000000000036af      0xebc build/default/debug/_ext/1865657120/plib_uart2.o
 .debug_info    0x000000000000456b       0xe9 build/default/debug/_ext/163028504/xc32_monitor.o
 .debug_info    0x0000000000004654      0x1c6 build/default/debug/_ext/1171490990/initialization.o
 .debug_info    0x000000000000481a      0x2f0 build/default/debug/_ext/1171490990/interrupts.o
 .debug_info    0x0000000000004b0a       0xe1 build/default/debug/_ext/1171490990/exceptions.o
 .debug_info    0x0000000000004beb      0x320 build/default/debug/_ext/1360937237/telit.o
 .debug_info    0x0000000000004f0b      0x2e0 build/default/debug/_ext/1360937237/bsp.o
 .debug_info    0x00000000000051eb      0x2e2 build/default/debug/_ext/1360937237/esp32.o
 .debug_info    0x00000000000054cd      0x6a2 build/default/debug/_ext/1360937237/w5500if.o
 .debug_info    0x0000000000005b6f      0x64e build/default/debug/_ext/1360937237/main.o
 .debug_info    0x00000000000061bd      0x9f1 build/default/debug/protothreads.o
 .debug_info    0x0000000000006bae      0x826 build/default/debug/_ext/1360937237/esp32_comm.o
 .debug_info    0x00000000000073d4      0xa64 build/default/debug/_ext/1360937237/esp32_proto.o
 .debug_info    0x0000000000007e38       0x22 C:\Users\AHMED~1.THA\AppData\Local\Temp\ccQFgFYs.o
 .debug_info    0x0000000000007e5a       0x3f c:/program files/microchip/xc32/v4.60/bin/bin/../../lib/gcc/pic32mx/8.3.1/../../../../pic32mx/lib/micromips\libpic32.a(default-on-reset.o)
 .debug_info    0x0000000000007e99       0x3f c:/program files/microchip/xc32/v4.60/bin/bin/../../lib/gcc/pic32mx/8.3.1/../../../../pic32mx/lib/micromips\libpic32.a(default-on-bootstrap.o)
 .debug_info    0x0000000000007ed8       0x40 c:/program files/microchip/xc32/v4.60/bin/bin/../../lib/gcc/pic32mx/8.3.1/../../../../pic32mx/lib/micromips\libpic32.a(defaultinterrupt.o)
 .debug_info    0x0000000000007f18       0xf7 c:/program files/microchip/xc32/v4.60/bin/bin/../../lib/gcc/pic32mx/8.3.1/../../../../pic32mx/lib/micromips\libc-size-musl.a(memcpy.o)
 .debug_info    0x000000000000800f       0xc0 c:/program files/microchip/xc32/v4.60/bin/bin/../../lib/gcc/pic32mx/8.3.1/../../../../pic32mx/lib/micromips\libc-size-musl.a(memset.o)
 .debug_info    0x00000000000080cf       0xa3 c:/program files/microchip/xc32/v4.60/bin/bin/../../lib/gcc/pic32mx/8.3.1/../../../../pic32mx/lib/micromips\libc-size-musl.a(strlen.o)
 .debug_info    0x0000000000008172       0xdc c:/program files/microchip/xc32/v4.60/bin/bin/../../lib/gcc/pic32mx/8.3.1/../../../../pic32mx/lib/micromips\libc-size-musl.a(strncpy.o)
 .debug_info    0x000000000000824e       0xdf c:/program files/microchip/xc32/v4.60/bin/bin/../../lib/gcc/pic32mx/8.3.1/../../../../pic32mx/lib/micromips\libc-size-musl.a(stpncpy.o)

.debug_abbrev   0x0000000000000000     0x295e
 *.elf(.debug_abbrev)
 *(.debug_abbrev)
 .debug_abbrev  0x0000000000000000       0x2e c:/program files/microchip/xc32/v4.60/bin/bin/../../lib/gcc/pic32mx/8.3.1/../../../../pic32mx/lib/micromips\software-debug-break.o
 .debug_abbrev  0x000000000000002e       0xe7 build/default/debug/_ext/60165520/plib_clk.o
 .debug_abbrev  0x0000000000000115      0x17d build/default/debug/_ext/1865200349/plib_evic.o
 .debug_abbrev  0x0000000000000292      0x119 build/default/debug/_ext/1865254177/plib_gpio.o
 .debug_abbrev  0x00000000000003ab      0x230 build/default/debug/_ext/298189674/plib_spi1_master.o
 .debug_abbrev  0x00000000000005db      0x1e1 build/default/debug/_ext/1865638794/plib_tmr1.o
 .debug_abbrev  0x00000000000007bc      0x3ac build/default/debug/_ext/1865657120/plib_uart3.o
 .debug_abbrev  0x0000000000000b68      0x3ac build/default/debug/_ext/1865657120/plib_uart1.o
 .debug_abbrev  0x0000000000000f14      0x3ac build/default/debug/_ext/1865657120/plib_uart2.o
 .debug_abbrev  0x00000000000012c0       0x9e build/default/debug/_ext/163028504/xc32_monitor.o
 .debug_abbrev  0x000000000000135e       0xb5 build/default/debug/_ext/1171490990/initialization.o
 .debug_abbrev  0x0000000000001413       0x67 build/default/debug/_ext/1171490990/interrupts.o
 .debug_abbrev  0x000000000000147a       0x67 build/default/debug/_ext/1171490990/exceptions.o
 .debug_abbrev  0x00000000000014e1      0x151 build/default/debug/_ext/1360937237/telit.o
 .debug_abbrev  0x0000000000001632      0x149 build/default/debug/_ext/1360937237/bsp.o
 .debug_abbrev  0x000000000000177b      0x159 build/default/debug/_ext/1360937237/esp32.o
 .debug_abbrev  0x00000000000018d4      0x26f build/default/debug/_ext/1360937237/w5500if.o
 .debug_abbrev  0x0000000000001b43      0x25a build/default/debug/_ext/1360937237/main.o
 .debug_abbrev  0x0000000000001d9d      0x264 build/default/debug/protothreads.o
 .debug_abbrev  0x0000000000002001      0x2e5 build/default/debug/_ext/1360937237/esp32_comm.o
 .debug_abbrev  0x00000000000022e6      0x2cb build/default/debug/_ext/1360937237/esp32_proto.o
 .debug_abbrev  0x00000000000025b1       0x12 C:\Users\AHMED~1.THA\AppData\Local\Temp\ccQFgFYs.o
 .debug_abbrev  0x00000000000025c3       0x2e c:/program files/microchip/xc32/v4.60/bin/bin/../../lib/gcc/pic32mx/8.3.1/../../../../pic32mx/lib/micromips\libpic32.a(default-on-reset.o)
 .debug_abbrev  0x00000000000025f1       0x2e c:/program files/microchip/xc32/v4.60/bin/bin/../../lib/gcc/pic32mx/8.3.1/../../../../pic32mx/lib/micromips\libpic32.a(default-on-bootstrap.o)
 .debug_abbrev  0x000000000000261f       0x31 c:/program files/microchip/xc32/v4.60/bin/bin/../../lib/gcc/pic32mx/8.3.1/../../../../pic32mx/lib/micromips\libpic32.a(defaultinterrupt.o)
 .debug_abbrev  0x0000000000002650       0xaa c:/program files/microchip/xc32/v4.60/bin/bin/../../lib/gcc/pic32mx/8.3.1/../../../../pic32mx/lib/micromips\libc-size-musl.a(memcpy.o)
 .debug_abbrev  0x00000000000026fa       0x91 c:/program files/microchip/xc32/v4.60/bin/bin/../../lib/gcc/pic32mx/8.3.1/../../../../pic32mx/lib/micromips\libc-size-musl.a(memset.o)
 .debug_abbrev  0x000000000000278b       0x91 c:/program files/microchip/xc32/v4.60/bin/bin/../../lib/gcc/pic32mx/8.3.1/../../../../pic32mx/lib/micromips\libc-size-musl.a(strlen.o)
 .debug_abbrev  0x000000000000281c       0x9d c:/program files/microchip/xc32/v4.60/bin/bin/../../lib/gcc/pic32mx/8.3.1/../../../../pic32mx/lib/micromips\libc-size-musl.a(strncpy.o)
 .debug_abbrev  0x00000000000028b9       0xa5 c:/program files/microchip/xc32/v4.60/bin/bin/../../lib/gcc/pic32mx/8.3.1/../../../../pic32mx/lib/micromips\libc-size-musl.a(stpncpy.o)

.debug_line     0x0000000000000000     0x697c
 *.elf(.debug_line)
 *(.debug_line)
 .debug_line    0x0000000000000000       0xb0 c:/program files/microchip/xc32/v4.60/bin/bin/../../lib/gcc/pic32mx/8.3.1/../../../../pic32mx/lib/micromips\software-debug-break.o
 .debug_line    0x00000000000000b0        0x0 build/default/debug/_ext/1360937237/layers_docments.o
 .debug_line    0x00000000000000b0      0x21d build/default/debug/_ext/60165520/plib_clk.o
 .debug_line    0x00000000000002cd      0x3c5 build/default/debug/_ext/1865200349/plib_evic.o
 .debug_line    0x0000000000000692      0x2df build/default/debug/_ext/1865254177/plib_gpio.o
 .debug_line    0x0000000000000971      0x936 build/default/debug/_ext/298189674/plib_spi1_master.o
 .debug_line    0x00000000000012a7      0x2ec build/default/debug/_ext/1865638794/plib_tmr1.o
 .debug_line    0x0000000000001593      0xc2c build/default/debug/_ext/1865657120/plib_uart3.o
 .debug_line    0x00000000000021bf      0xc2c build/default/debug/_ext/1865657120/plib_uart1.o
 .debug_line    0x0000000000002deb      0xc2c build/default/debug/_ext/1865657120/plib_uart2.o
 .debug_line    0x0000000000003a17       0xfe build/default/debug/_ext/163028504/xc32_monitor.o
 .debug_line    0x0000000000003b15      0x35f build/default/debug/_ext/1171490990/initialization.o
 .debug_line    0x0000000000003e74      0x1cc build/default/debug/_ext/1171490990/interrupts.o
 .debug_line    0x0000000000004040      0x116 build/default/debug/_ext/1171490990/exceptions.o
 .debug_line    0x0000000000004156      0x2ff build/default/debug/_ext/1360937237/telit.o
 .debug_line    0x0000000000004455      0x222 build/default/debug/_ext/1360937237/bsp.o
 .debug_line    0x0000000000004677      0x2a1 build/default/debug/_ext/1360937237/esp32.o
 .debug_line    0x0000000000004918      0x2c1 build/default/debug/_ext/1360937237/w5500if.o
 .debug_line    0x0000000000004bd9      0x373 build/default/debug/_ext/1360937237/main.o
 .debug_line    0x0000000000004f4c      0x4e8 build/default/debug/protothreads.o
 .debug_line    0x0000000000005434      0x54b build/default/debug/_ext/1360937237/esp32_comm.o
 .debug_line    0x000000000000597f      0x66d build/default/debug/_ext/1360937237/esp32_proto.o
 .debug_line    0x0000000000005fec      0x149 C:\Users\AHMED~1.THA\AppData\Local\Temp\ccQFgFYs.o
 .debug_line    0x0000000000006135       0xa5 c:/program files/microchip/xc32/v4.60/bin/bin/../../lib/gcc/pic32mx/8.3.1/../../../../pic32mx/lib/micromips\libpic32.a(default-on-reset.o)
 .debug_line    0x00000000000061da       0xa9 c:/program files/microchip/xc32/v4.60/bin/bin/../../lib/gcc/pic32mx/8.3.1/../../../../pic32mx/lib/micromips\libpic32.a(default-on-bootstrap.o)
 .debug_line    0x0000000000006283       0xc8 c:/program files/microchip/xc32/v4.60/bin/bin/../../lib/gcc/pic32mx/8.3.1/../../../../pic32mx/lib/micromips\libpic32.a(defaultinterrupt.o)
 .debug_line    0x000000000000634b      0x13d c:/program files/microchip/xc32/v4.60/bin/bin/../../lib/gcc/pic32mx/8.3.1/../../../../pic32mx/lib/micromips\libc-size-musl.a(memcpy.o)
 .debug_line    0x0000000000006488      0x131 c:/program files/microchip/xc32/v4.60/bin/bin/../../lib/gcc/pic32mx/8.3.1/../../../../pic32mx/lib/micromips\libc-size-musl.a(memset.o)
 .debug_line    0x00000000000065b9      0x135 c:/program files/microchip/xc32/v4.60/bin/bin/../../lib/gcc/pic32mx/8.3.1/../../../../pic32mx/lib/micromips\libc-size-musl.a(strlen.o)
 .debug_line    0x00000000000066ee      0x124 c:/program files/microchip/xc32/v4.60/bin/bin/../../lib/gcc/pic32mx/8.3.1/../../../../pic32mx/lib/micromips\libc-size-musl.a(strncpy.o)
 .debug_line    0x0000000000006812      0x16a c:/program files/microchip/xc32/v4.60/bin/bin/../../lib/gcc/pic32mx/8.3.1/../../../../pic32mx/lib/micromips\libc-size-musl.a(stpncpy.o)

.debug_frame    0x0000000000000000     0x1488
 *.elf(.debug_frame)
 *(.debug_frame)
 .debug_frame   0x0000000000000000       0x20 c:/program files/microchip/xc32/v4.60/bin/bin/../../lib/gcc/pic32mx/8.3.1/../../../../pic32mx/lib/micromips\software-debug-break.o
 .debug_frame   0x0000000000000020       0x20 build/default/debug/_ext/60165520/plib_clk.o
 .debug_frame   0x0000000000000040      0x110 build/default/debug/_ext/1865200349/plib_evic.o
 .debug_frame   0x0000000000000150       0xa0 build/default/debug/_ext/1865254177/plib_gpio.o
 .debug_frame   0x00000000000001f0       0xe0 build/default/debug/_ext/298189674/plib_spi1_master.o
 .debug_frame   0x00000000000002d0       0xcc build/default/debug/_ext/1865638794/plib_tmr1.o
 .debug_frame   0x000000000000039c      0x200 build/default/debug/_ext/1865657120/plib_uart3.o
 .debug_frame   0x000000000000059c      0x200 build/default/debug/_ext/1865657120/plib_uart1.o
 .debug_frame   0x000000000000079c      0x200 build/default/debug/_ext/1865657120/plib_uart2.o
 .debug_frame   0x000000000000099c       0x30 build/default/debug/_ext/163028504/xc32_monitor.o
 .debug_frame   0x00000000000009cc       0x2c build/default/debug/_ext/1171490990/initialization.o
 .debug_frame   0x00000000000009f8      0x460 build/default/debug/_ext/1171490990/interrupts.o
 .debug_frame   0x0000000000000e58       0x40 build/default/debug/_ext/1171490990/exceptions.o
 .debug_frame   0x0000000000000e98       0x98 build/default/debug/_ext/1360937237/telit.o
 .debug_frame   0x0000000000000f30       0x74 build/default/debug/_ext/1360937237/bsp.o
 .debug_frame   0x0000000000000fa4       0x8c build/default/debug/_ext/1360937237/esp32.o
 .debug_frame   0x0000000000001030       0xb4 build/default/debug/_ext/1360937237/w5500if.o
 .debug_frame   0x00000000000010e4       0x70 build/default/debug/_ext/1360937237/main.o
 .debug_frame   0x0000000000001154      0x118 build/default/debug/protothreads.o
 .debug_frame   0x000000000000126c       0xc0 build/default/debug/_ext/1360937237/esp32_comm.o
 .debug_frame   0x000000000000132c       0x50 build/default/debug/_ext/1360937237/esp32_proto.o
 .debug_frame   0x000000000000137c       0x20 c:/program files/microchip/xc32/v4.60/bin/bin/../../lib/gcc/pic32mx/8.3.1/../../../../pic32mx/lib/micromips\libpic32.a(default-on-reset.o)
 .debug_frame   0x000000000000139c       0x20 c:/program files/microchip/xc32/v4.60/bin/bin/../../lib/gcc/pic32mx/8.3.1/../../../../pic32mx/lib/micromips\libpic32.a(default-on-bootstrap.o)
 .debug_frame   0x00000000000013bc       0x20 c:/program files/microchip/xc32/v4.60/bin/bin/../../lib/gcc/pic32mx/8.3.1/../../../../pic32mx/lib/micromips\libpic32.a(defaultinterrupt.o)
 .debug_frame   0x00000000000013dc       0x20 c:/program files/microchip/xc32/v4.60/bin/bin/../../lib/gcc/pic32mx/8.3.1/../../../../pic32mx/lib/micromips\libc-size-musl.a(memcpy.o)
 .debug_frame   0x00000000000013fc       0x20 c:/program files/microchip/xc32/v4.60/bin/bin/../../lib/gcc/pic32mx/8.3.1/../../../../pic32mx/lib/micromips\libc-size-musl.a(memset.o)
 .debug_frame   0x000000000000141c       0x20 c:/program files/microchip/xc32/v4.60/bin/bin/../../lib/gcc/pic32mx/8.3.1/../../../../pic32mx/lib/micromips\libc-size-musl.a(strlen.o)
 .debug_frame   0x000000000000143c       0x2c c:/program files/microchip/xc32/v4.60/bin/bin/../../lib/gcc/pic32mx/8.3.1/../../../../pic32mx/lib/micromips\libc-size-musl.a(strncpy.o)
 .debug_frame   0x0000000000001468       0x20 c:/program files/microchip/xc32/v4.60/bin/bin/../../lib/gcc/pic32mx/8.3.1/../../../../pic32mx/lib/micromips\libc-size-musl.a(stpncpy.o)

.debug_str      0x0000000000000000     0x8cc9
 *.elf(.debug_str)
 *(.debug_str)
 .debug_str     0x0000000000000000      0x35d c:/program files/microchip/xc32/v4.60/bin/bin/../../lib/gcc/pic32mx/8.3.1/../../../../pic32mx/lib/micromips\software-debug-break.o
 .debug_str     0x000000000000035d      0x28d build/default/debug/_ext/1360937237/layers_docments.o
 .debug_str     0x00000000000005ea      0x4df build/default/debug/_ext/60165520/plib_clk.o
 .debug_str     0x0000000000000ac9      0x4e8 build/default/debug/_ext/1865200349/plib_evic.o
 .debug_str     0x0000000000000fb1      0x4ce build/default/debug/_ext/1865254177/plib_gpio.o
 .debug_str     0x000000000000147f      0x6fc build/default/debug/_ext/298189674/plib_spi1_master.o
 .debug_str     0x0000000000001b7b      0x527 build/default/debug/_ext/1865638794/plib_tmr1.o
 .debug_str     0x00000000000020a2      0xa10 build/default/debug/_ext/1865657120/plib_uart3.o
 .debug_str     0x0000000000002ab2      0xa10 build/default/debug/_ext/1865657120/plib_uart1.o
 .debug_str     0x00000000000034c2      0xa10 build/default/debug/_ext/1865657120/plib_uart2.o
 .debug_str     0x0000000000003ed2      0x2f3 build/default/debug/_ext/163028504/xc32_monitor.o
 .debug_str     0x00000000000041c5      0x3e5 build/default/debug/_ext/1171490990/initialization.o
 .debug_str     0x00000000000045aa      0x53d build/default/debug/_ext/1171490990/interrupts.o
 .debug_str     0x0000000000004ae7      0x39b build/default/debug/_ext/1171490990/exceptions.o
 .debug_str     0x0000000000004e82      0x3e0 build/default/debug/_ext/1360937237/telit.o
 .debug_str     0x0000000000005262      0x4cf build/default/debug/_ext/1360937237/bsp.o
 .debug_str     0x0000000000005731      0x3b9 build/default/debug/_ext/1360937237/esp32.o
 .debug_str     0x0000000000005aea      0x432 build/default/debug/_ext/1360937237/w5500if.o
 .debug_str     0x0000000000005f1c      0x59b build/default/debug/_ext/1360937237/main.o
 .debug_str     0x00000000000064b7      0x552 build/default/debug/protothreads.o
 .debug_str     0x0000000000006a09      0x567 build/default/debug/_ext/1360937237/esp32_comm.o
 .debug_str     0x0000000000006f70      0x51d build/default/debug/_ext/1360937237/esp32_proto.o
 .debug_str     0x000000000000748d       0xbd C:\Users\AHMED~1.THA\AppData\Local\Temp\ccQFgFYs.o
 .debug_str     0x000000000000754a      0x347 c:/program files/microchip/xc32/v4.60/bin/bin/../../lib/gcc/pic32mx/8.3.1/../../../../pic32mx/lib/micromips\libpic32.a(default-on-reset.o)
 .debug_str     0x0000000000007891      0x34f c:/program files/microchip/xc32/v4.60/bin/bin/../../lib/gcc/pic32mx/8.3.1/../../../../pic32mx/lib/micromips\libpic32.a(default-on-bootstrap.o)
 .debug_str     0x0000000000007be0      0x361 c:/program files/microchip/xc32/v4.60/bin/bin/../../lib/gcc/pic32mx/8.3.1/../../../../pic32mx/lib/micromips\libpic32.a(defaultinterrupt.o)
 .debug_str     0x0000000000007f41      0x2be c:/program files/microchip/xc32/v4.60/bin/bin/../../lib/gcc/pic32mx/8.3.1/../../../../pic32mx/lib/micromips\libc-size-musl.a(memcpy.o)
 .debug_str     0x00000000000081ff      0x2aa c:/program files/microchip/xc32/v4.60/bin/bin/../../lib/gcc/pic32mx/8.3.1/../../../../pic32mx/lib/micromips\libc-size-musl.a(memset.o)
 .debug_str     0x00000000000084a9      0x2b0 c:/program files/microchip/xc32/v4.60/bin/bin/../../lib/gcc/pic32mx/8.3.1/../../../../pic32mx/lib/micromips\libc-size-musl.a(strlen.o)